Archive member included to satisfy reference by file (symbol)

c:/program files (x86)/gnu tools arm embedded/6 2017-q2-update/bin/../lib/gcc/arm-none-eabi/6.3.1/../../../../arm-none-eabi/lib/thumb/v7e-m/fpv4-sp/hard\libg_nano.a(lib_a-aeabi_memclr.o)
                              ./Sources/llvm2.o (__aeabi_memclr4)
c:/program files (x86)/gnu tools arm embedded/6 2017-q2-update/bin/../lib/gcc/arm-none-eabi/6.3.1/../../../../arm-none-eabi/lib/thumb/v7e-m/fpv4-sp/hard\libg_nano.a(lib_a-aeabi_memset-soft.o)
                              ./Generated_Code/PE_LDD.o (__aeabi_memset)
c:/program files (x86)/gnu tools arm embedded/6 2017-q2-update/bin/../lib/gcc/arm-none-eabi/6.3.1/../../../../arm-none-eabi/lib/thumb/v7e-m/fpv4-sp/hard\libg_nano.a(lib_a-exit.o)
                              c:/program files (x86)/gnu tools arm embedded/6 2017-q2-update/bin/../lib/gcc/arm-none-eabi/6.3.1/../../../../arm-none-eabi/lib/thumb/v7e-m/fpv4-sp/hard/crt0.o (exit)
c:/program files (x86)/gnu tools arm embedded/6 2017-q2-update/bin/../lib/gcc/arm-none-eabi/6.3.1/../../../../arm-none-eabi/lib/thumb/v7e-m/fpv4-sp/hard\libg_nano.a(lib_a-impure.o)
                              c:/program files (x86)/gnu tools arm embedded/6 2017-q2-update/bin/../lib/gcc/arm-none-eabi/6.3.1/../../../../arm-none-eabi/lib/thumb/v7e-m/fpv4-sp/hard\libg_nano.a(lib_a-exit.o) (_global_impure_ptr)
c:/program files (x86)/gnu tools arm embedded/6 2017-q2-update/bin/../lib/gcc/arm-none-eabi/6.3.1/../../../../arm-none-eabi/lib/thumb/v7e-m/fpv4-sp/hard\libg_nano.a(lib_a-init.o)
                              c:/program files (x86)/gnu tools arm embedded/6 2017-q2-update/bin/../lib/gcc/arm-none-eabi/6.3.1/../../../../arm-none-eabi/lib/thumb/v7e-m/fpv4-sp/hard/crt0.o (__libc_init_array)
c:/program files (x86)/gnu tools arm embedded/6 2017-q2-update/bin/../lib/gcc/arm-none-eabi/6.3.1/../../../../arm-none-eabi/lib/thumb/v7e-m/fpv4-sp/hard\libg_nano.a(lib_a-memset.o)
                              c:/program files (x86)/gnu tools arm embedded/6 2017-q2-update/bin/../lib/gcc/arm-none-eabi/6.3.1/../../../../arm-none-eabi/lib/thumb/v7e-m/fpv4-sp/hard/crt0.o (memset)
c:/program files (x86)/gnu tools arm embedded/6 2017-q2-update/bin/../lib/gcc/arm-none-eabi/6.3.1/../../../../arm-none-eabi/lib/thumb/v7e-m/fpv4-sp/hard\libg_nano.a(lib_a-snprintf.o)
                              ./Sources/arm_print.o (snprintf)
c:/program files (x86)/gnu tools arm embedded/6 2017-q2-update/bin/../lib/gcc/arm-none-eabi/6.3.1/../../../../arm-none-eabi/lib/thumb/v7e-m/fpv4-sp/hard\libg_nano.a(lib_a-nano-svfprintf.o)
                              c:/program files (x86)/gnu tools arm embedded/6 2017-q2-update/bin/../lib/gcc/arm-none-eabi/6.3.1/../../../../arm-none-eabi/lib/thumb/v7e-m/fpv4-sp/hard\libg_nano.a(lib_a-snprintf.o) (_svfprintf_r)
c:/program files (x86)/gnu tools arm embedded/6 2017-q2-update/bin/../lib/gcc/arm-none-eabi/6.3.1/../../../../arm-none-eabi/lib/thumb/v7e-m/fpv4-sp/hard\libg_nano.a(lib_a-nano-vfprintf_i.o)
                              c:/program files (x86)/gnu tools arm embedded/6 2017-q2-update/bin/../lib/gcc/arm-none-eabi/6.3.1/../../../../arm-none-eabi/lib/thumb/v7e-m/fpv4-sp/hard\libg_nano.a(lib_a-nano-svfprintf.o) (_printf_i)
c:/program files (x86)/gnu tools arm embedded/6 2017-q2-update/bin/../lib/gcc/arm-none-eabi/6.3.1/../../../../arm-none-eabi/lib/thumb/v7e-m/fpv4-sp/hard\libg_nano.a(lib_a-memchr.o)
                              c:/program files (x86)/gnu tools arm embedded/6 2017-q2-update/bin/../lib/gcc/arm-none-eabi/6.3.1/../../../../arm-none-eabi/lib/thumb/v7e-m/fpv4-sp/hard\libg_nano.a(lib_a-nano-svfprintf.o) (memchr)
c:/program files (x86)/gnu tools arm embedded/6 2017-q2-update/bin/../lib/gcc/arm-none-eabi/6.3.1/../../../../arm-none-eabi/lib/thumb/v7e-m/fpv4-sp/hard\libg_nano.a(lib_a-memcpy-stub.o)
                              c:/program files (x86)/gnu tools arm embedded/6 2017-q2-update/bin/../lib/gcc/arm-none-eabi/6.3.1/../../../../arm-none-eabi/lib/thumb/v7e-m/fpv4-sp/hard\libg_nano.a(lib_a-nano-svfprintf.o) (memcpy)
c:/program files (x86)/gnu tools arm embedded/6 2017-q2-update/bin/../lib/gcc/arm-none-eabi/6.3.1/../../../../arm-none-eabi/lib/thumb/v7e-m/fpv4-sp/hard\libg_nano.a(lib_a-memmove.o)
                              c:/program files (x86)/gnu tools arm embedded/6 2017-q2-update/bin/../lib/gcc/arm-none-eabi/6.3.1/../../../../arm-none-eabi/lib/thumb/v7e-m/fpv4-sp/hard\libg_nano.a(lib_a-nano-svfprintf.o) (memmove)
c:/program files (x86)/gnu tools arm embedded/6 2017-q2-update/bin/../lib/gcc/arm-none-eabi/6.3.1/../../../../arm-none-eabi/lib/thumb/v7e-m/fpv4-sp/hard\libg_nano.a(lib_a-nano-freer.o)
                              c:/program files (x86)/gnu tools arm embedded/6 2017-q2-update/bin/../lib/gcc/arm-none-eabi/6.3.1/../../../../arm-none-eabi/lib/thumb/v7e-m/fpv4-sp/hard\libg_nano.a(lib_a-nano-svfprintf.o) (_free_r)
[...]
Memory Configuration

Name             Origin             Length             Attributes
m_interrupts     0x00000000         0x00000198         xr
m_text           0x00000410         0x0007fbf0         xr
m_data           0x1fff0000         0x00010000         rw
m_data_20000000  0x20000000         0x00010000         rw
m_cfmprotrom     0x00000400         0x00000010         xr
*default*        0x00000000         0xffffffff

Linker script and memory map

LOAD c:/program files (x86)/gnu tools arm embedded/6 2017-q2-update/bin/../lib/gcc/arm-none-eabi/6.3.1/thumb/v7e-m/fpv4-sp/hard/crti.o
LOAD c:/program files (x86)/gnu tools arm embedded/6 2017-q2-update/bin/../lib/gcc/arm-none-eabi/6.3.1/thumb/v7e-m/fpv4-sp/hard/crtbegin.o
LOAD c:/program files (x86)/gnu tools arm embedded/6 2017-q2-update/bin/../lib/gcc/arm-none-eabi/6.3.1/../../../../arm-none-eabi/lib/thumb/v7e-m/fpv4-sp/hard/crt0.o
LOAD ./Static_Code/System/CPU_Init.o
LOAD ./Static_Code/System/Peripherals_Init.o
LOAD ./Static_Code/System/Vectors.o
LOAD ./Sources/Events.o
LOAD ./Sources/arm_print.o
LOAD ./Sources/c_with_coawait.o
LOAD ./Sources/llvm2.o
LOAD ./Sources/main.o
LOAD ./Project_Settings/Startup_Code/startup.o
LOAD ./Generated_Code/AD1.o
LOAD ./Generated_Code/ASerialLdd1.o
LOAD ./Generated_Code/AdcLdd1.o
LOAD ./Generated_Code/Bit1.o
LOAD ./Generated_Code/BitIoLdd1.o
LOAD ./Generated_Code/Cpu.o
LOAD ./Generated_Code/Inhr1.o
LOAD ./Generated_Code/PE_LDD.o
LOAD ./Generated_Code/Term1.o
LOAD ./Generated_Code/pin_mux.o
LOAD c:/program files (x86)/gnu tools arm embedded/6 2017-q2-update/bin/../lib/gcc/arm-none-eabi/6.3.1/../../../../arm-none-eabi/lib/thumb/v7e-m/fpv4-sp/hard\libstdc++_nano.a
LOAD c:/program files (x86)/gnu tools arm embedded/6 2017-q2-update/bin/../lib/gcc/arm-none-eabi/6.3.1/../../../../arm-none-eabi/lib/thumb/v7e-m/fpv4-sp/hard\libm.a
START GROUP
LOAD c:/program files (x86)/gnu tools arm embedded/6 2017-q2-update/bin/../lib/gcc/arm-none-eabi/6.3.1/thumb/v7e-m/fpv4-sp/hard\libgcc.a
LOAD c:/program files (x86)/gnu tools arm embedded/6 2017-q2-update/bin/../lib/gcc/arm-none-eabi/6.3.1/../../../../arm-none-eabi/lib/thumb/v7e-m/fpv4-sp/hard\libg_nano.a
LOAD c:/program files (x86)/gnu tools arm embedded/6 2017-q2-update/bin/../lib/gcc/arm-none-eabi/6.3.1/../../../../arm-none-eabi/lib/thumb/v7e-m/fpv4-sp/hard\libc_nano.a
END GROUP
START GROUP
LOAD c:/program files (x86)/gnu tools arm embedded/6 2017-q2-update/bin/../lib/gcc/arm-none-eabi/6.3.1/thumb/v7e-m/fpv4-sp/hard\libgcc.a
LOAD c:/program files (x86)/gnu tools arm embedded/6 2017-q2-update/bin/../lib/gcc/arm-none-eabi/6.3.1/../../../../arm-none-eabi/lib/thumb/v7e-m/fpv4-sp/hard\libc_nano.a
LOAD c:/program files (x86)/gnu tools arm embedded/6 2017-q2-update/bin/../lib/gcc/arm-none-eabi/6.3.1/../../../../arm-none-eabi/lib/thumb/v7e-m/fpv4-sp/hard\libnosys.a
END GROUP
START GROUP
LOAD c:/program files (x86)/gnu tools arm embedded/6 2017-q2-update/bin/../lib/gcc/arm-none-eabi/6.3.1/thumb/v7e-m/fpv4-sp/hard\libgcc.a
LOAD c:/program files (x86)/gnu tools arm embedded/6 2017-q2-update/bin/../lib/gcc/arm-none-eabi/6.3.1/../../../../arm-none-eabi/lib/thumb/v7e-m/fpv4-sp/hard\libc_nano.a
LOAD c:/program files (x86)/gnu tools arm embedded/6 2017-q2-update/bin/../lib/gcc/arm-none-eabi/6.3.1/../../../../arm-none-eabi/lib/thumb/v7e-m/fpv4-sp/hard\libnosys.a
END GROUP
LOAD c:/program files (x86)/gnu tools arm embedded/6 2017-q2-update/bin/../lib/gcc/arm-none-eabi/6.3.1/thumb/v7e-m/fpv4-sp/hard/crtend.o
LOAD c:/program files (x86)/gnu tools arm embedded/6 2017-q2-update/bin/../lib/gcc/arm-none-eabi/6.3.1/thumb/v7e-m/fpv4-sp/hard/crtn.o
                0x20000000                _estack = 0x20000000
                0x20000000                __SP_INIT = _estack
                0x20000000                __stack = _estack
                0x00000000                __heap_size = 0x0
                0x00000400                __stack_size = 0x400

.interrupts     0x00000000      0x198
                0x00000000                __vector_table = .
                0x00000000                . = ALIGN (0x4)
 *(.vectortable)
 .vectortable   0x00000000      0x198 ./Static_Code/System/Vectors.o
                0x00000000                __vect_table
                0x00000198                . = ALIGN (0x4)

.cfmprotect     0x00000400        0x0
                0x00000400                . = ALIGN (0x4)
 *(.cfmconfig)
                0x00000400                . = ALIGN (0x4)

.text           0x00000410     0x1eb0
                0x00000410                . = ALIGN (0x4)
 *(.text)
 .text          0x00000410       0x6c c:/program files (x86)/gnu tools arm embedded/6 2017-q2-update/bin/../lib/gcc/arm-none-eabi/6.3.1/thumb/v7e-m/fpv4-sp/hard/crtbegin.o
 .text          0x0000047c       0x74 c:/program files (x86)/gnu tools arm embedded/6 2017-q2-update/bin/../lib/gcc/arm-none-eabi/6.3.1/../../../../arm-none-eabi/lib/thumb/v7e-m/fpv4-sp/hard/crt0.o
                0x0000047c                _start
                0x0000047c                _mainCRTStartup
 .text          0x000004f0       0x9a c:/program files (x86)/gnu tools arm embedded/6 2017-q2-update/bin/../lib/gcc/arm-none-eabi/6.3.1/../../../../arm-none-eabi/lib/thumb/v7e-m/fpv4-sp/hard\libg_nano.a(lib_a-aeabi_memset-soft.o)
                0x000004f0                __aeabi_memset8
                0x000004f0                __aeabi_memset4
                0x000004f0                __aeabi_memset
 *fill*         0x0000058a        0x6 
 .text          0x00000590       0xa0 c:/program files (x86)/gnu tools arm embedded/6 2017-q2-update/bin/../lib/gcc/arm-none-eabi/6.3.1/../../../../arm-none-eabi/lib/thumb/v7e-m/fpv4-sp/hard\libg_nano.a(lib_a-memchr.o)
                0x00000590                memchr
 *(.text*)
 .text.CPU_SetBASEPRI
                0x00000630        0x6 ./Static_Code/System/CPU_Init.o
                0x00000630                CPU_SetBASEPRI
 *fill*         0x00000636        0x2 
 .text.__init_hardware
                0x00000638       0xba ./Static_Code/System/CPU_Init.o
                0x00000638                __init_hardware
 *fill*         0x000006f2        0x2 
 .text.CPU_SetClockConfigGenMode
                0x000006f4      0x2d0 ./Static_Code/System/CPU_Init.o
                0x000006f4                CPU_SetClockConfigGenMode
 .text.PE_low_level_init
                0x000009c4       0x40 ./Static_Code/System/CPU_Init.o
                0x000009c4                PE_low_level_init
 .text.CPU_GetClockGenMode
                0x00000a04       0x5c ./Static_Code/System/CPU_Init.o
                0x00000a04                CPU_GetClockGenMode
 .text.UnhandledInterrupt
                0x00000a60       0x16 ./Static_Code/System/Vectors.o
                0x00000a60                UnhandledInterrupt
 .text.Cpu_OnNMI
                0x00000a76        0x2 ./Sources/Events.o
                0x00000a76                Cpu_OnNMI
 .text.AD1_OnEnd
                0x00000a78        0x4 ./Sources/Events.o
                0x00000a78                AD1_OnEnd
 .text.AD1_OnCalibrationEnd
                0x00000a7c        0xe ./Sources/Events.o
                0x00000a7c                AD1_OnCalibrationEnd
 .text._Z9print_bufPKc
                0x00000a8a       0x1e ./Sources/arm_print.o
                0x00000a8a                print_buf(char const*)
 .text._Z9print_ptrPKcPv
                0x00000aa8       0x20 ./Sources/arm_print.o
                0x00000aa8                print_ptr(char const*, void*)
 .text._Z10print_sizePKcj
                0x00000ac8       0x20 ./Sources/arm_print.o
                0x00000ac8                print_size(char const*, unsigned int)
 .text._Z9print_intPKci
                0x00000ae8       0x20 ./Sources/arm_print.o
                0x00000ae8                print_int(char const*, int)
 .text._Z11co_resolvedPa
                0x00000b08       0x22 ./Sources/c_with_coawait.o
                0x00000b08                co_resolved(signed char*)
 .text._Z13co_promise_fnPa
                0x00000b2a       0x1c ./Sources/c_with_coawait.o
                0x00000b2a                co_promise_fn(signed char*)
 .text._Z18co_resolve_promisePa
                0x00000b46        0x6 ./Sources/c_with_coawait.o
                0x00000b46                co_resolve_promise(signed char*)
 .text._Z20_co_initialise_framePa
                0x00000b4c        0x8 ./Sources/c_with_coawait.o
                0x00000b4c                _co_initialise_frame(signed char*)
 .text._Z8read_adcPa
                0x00000b54       0xbe ./Sources/c_with_coawait.o
                0x00000b54                read_adc(signed char*)
 .text.ADC_ISR  0x00000c12       0x50 ./Sources/c_with_coawait.o
                0x00000c12                ADC_ISR
 *fill*         0x00000c62        0x2 
 .text._Z9schedulerv
                0x00000c64       0x4a ./Sources/c_with_coawait.o
                0x00000c64                scheduler()
 *fill*         0x00000cae        0x2 
 .text.inner_main
                0x00000cb0       0x16 ./Sources/c_with_coawait.o
                0x00000cb0                inner_main
 .text._Z8read_adcPa.resume
                0x00000cc6       0x1a ./Sources/c_with_coawait.o
 .text._Z8read_adcPa.destroy
                0x00000ce0        0xc ./Sources/c_with_coawait.o
 .text._Z2f1iPv
                0x00000cec       0x1e ./Sources/llvm2.o
                0x00000cec                f1(int, void*)
 *fill*         0x00000d0a        0x2 
 .text.mymain   0x00000d0c       0x46 ./Sources/llvm2.o
                0x00000d0c                mymain
 *fill*         0x00000d52        0x2 
 .text._Z2f1iPv.resume
                0x00000d54       0x3a ./Sources/llvm2.o
 .text._Z2f1iPv.destroy
                0x00000d8e        0x2 ./Sources/llvm2.o
 .text.main     0x00000d90       0x12 ./Sources/main.o
                0x00000d90                main
 *fill*         0x00000da2        0x2 
 .text.__copy_rom_section
                0x00000da4       0x5a ./Project_Settings/Startup_Code/startup.o
                0x00000da4                __copy_rom_section
 *fill*         0x00000dfe        0x2 
 .text.__copy_rom_sections_to_ram
                0x00000e00       0x36 ./Project_Settings/Startup_Code/startup.o
                0x00000e00                __copy_rom_sections_to_ram
 .text.__init_registers
                0x00000e36       0x12 ./Project_Settings/Startup_Code/startup.o
                0x00000e36                __init_registers
 .text.__init_user
                0x00000e48        0x2 ./Project_Settings/Startup_Code/startup.o
                0x00000e48                __init_user
 *fill*         0x00000e4a        0x2 
 .text.__thumb_startup
                0x00000e4c       0x3a ./Project_Settings/Startup_Code/startup.o
                0x00000e4c                __thumb_startup
 .text.AD1_HWEnDi
                0x00000e86       0x46 ./Generated_Code/AD1.o
                0x00000e86                AD1_HWEnDi
 .text.AD1_Measure
                0x00000ecc       0x2e ./Generated_Code/AD1.o
                0x00000ecc                AD1_Measure
 .text.AD1_GetValue16
                0x00000efa       0x22 ./Generated_Code/AD1.o
                0x00000efa                AD1_GetValue16
 .text.AD1_Calibrate
                0x00000f1c       0x66 ./Generated_Code/AD1.o
                0x00000f1c                AD1_Calibrate
 .text.AdcLdd1_OnMeasurementComplete
                0x00000f82       0x58 ./Generated_Code/AD1.o
                0x00000f82                AdcLdd1_OnMeasurementComplete
 .text.AD1_Init
                0x00000fda       0x2c ./Generated_Code/AD1.o
                0x00000fda                AD1_Init
 .text.ASerialLdd1_Init
                0x00001006       0xc8 ./Generated_Code/ASerialLdd1.o
                0x00001006                ASerialLdd1_Init
 .text.ASerialLdd1_ReceiveBlock
                0x000010ce       0x1e ./Generated_Code/ASerialLdd1.o
                0x000010ce                ASerialLdd1_ReceiveBlock
 .text.ASerialLdd1_SendBlock
                0x000010ec       0x26 ./Generated_Code/ASerialLdd1.o
                0x000010ec                ASerialLdd1_SendBlock
 .text.ASerialLdd1_Main
                0x00001112       0x82 ./Generated_Code/ASerialLdd1.o
                0x00001112                ASerialLdd1_Main
 .text.InterruptRx
                0x00001194       0x2e ./Generated_Code/ASerialLdd1.o
 .text.InterruptTx
                0x000011c2       0x3e ./Generated_Code/ASerialLdd1.o
 .text.AdcLdd1_Init
                0x00001200       0x88 ./Generated_Code/AdcLdd1.o
                0x00001200                AdcLdd1_Init
 .text.AdcLdd1_StartSingleMeasurement
                0x00001288       0x2c ./Generated_Code/AdcLdd1.o
                0x00001288                AdcLdd1_StartSingleMeasurement
 .text.AdcLdd1_CreateSampleGroup
                0x000012b4       0x2c ./Generated_Code/AdcLdd1.o
                0x000012b4                AdcLdd1_CreateSampleGroup
 .text.AdcLdd1_GetMeasuredValues
                0x000012e0       0x22 ./Generated_Code/AdcLdd1.o
                0x000012e0                AdcLdd1_GetMeasuredValues
 .text.AdcLdd1_GetMeasurementCompleteStatus
                0x00001302       0x58 ./Generated_Code/AdcLdd1.o
                0x00001302                AdcLdd1_GetMeasurementCompleteStatus
 .text.AdcLdd1_StartCalibration
                0x0000135a       0x2e ./Generated_Code/AdcLdd1.o
                0x0000135a                AdcLdd1_StartCalibration
 .text.AdcLdd1_GetCalibrationResultStatus
                0x00001388       0x52 ./Generated_Code/AdcLdd1.o
                0x00001388                AdcLdd1_GetCalibrationResultStatus
 .text.AdcLdd1_MeasurementCompleteInterrupt
                0x000013da       0x30 ./Generated_Code/AdcLdd1.o
                0x000013da                AdcLdd1_MeasurementCompleteInterrupt
 .text.BitIoLdd1_Init
                0x0000140a       0x5a ./Generated_Code/BitIoLdd1.o
                0x0000140a                BitIoLdd1_Init
 .text.BitIoLdd1_PutVal
                0x00001464       0x16 ./Generated_Code/BitIoLdd1.o
                0x00001464                BitIoLdd1_PutVal
 .text.Common_Init
                0x0000147a       0x52 ./Generated_Code/Cpu.o
                0x0000147a                Common_Init
 .text.Components_Init
                0x000014cc       0x16 ./Generated_Code/Cpu.o
                0x000014cc                Components_Init
 .text.Cpu_INT_NMIInterrupt
                0x000014e2       0x18 ./Generated_Code/Cpu.o
                0x000014e2                Cpu_INT_NMIInterrupt
 .text.Inhr1_SendChar
                0x000014fa       0x4e ./Generated_Code/Inhr1.o
                0x000014fa                Inhr1_SendChar
 .text.Inhr1_Init
                0x00001548       0x28 ./Generated_Code/Inhr1.o
                0x00001548                Inhr1_Init
 .text.HWEnDi   0x00001570       0x18 ./Generated_Code/Inhr1.o
 .text.ASerialLdd1_OnBreak
                0x00001588       0x12 ./Generated_Code/Inhr1.o
                0x00001588                ASerialLdd1_OnBreak
 *fill*         0x0000159a        0x2 
 .text.Term1_SendStr
                0x0000159c       0x24 ./Generated_Code/Term1.o
                0x0000159c                Term1_SendStr
 .text.__aeabi_memclr
                0x000015c0        0x6 c:/program files (x86)/gnu tools arm embedded/6 2017-q2-update/bin/../lib/gcc/arm-none-eabi/6.3.1/../../../../arm-none-eabi/lib/thumb/v7e-m/fpv4-sp/hard\libg_nano.a(lib_a-aeabi_memclr.o)
                0x000015c0                __aeabi_memclr
                0x000015c0                __aeabi_memclr4
                0x000015c0                __aeabi_memclr8
 *fill*         0x000015c6        0x2 
 .text.exit     0x000015c8       0x28 c:/program files (x86)/gnu tools arm embedded/6 2017-q2-update/bin/../lib/gcc/arm-none-eabi/6.3.1/../../../../arm-none-eabi/lib/thumb/v7e-m/fpv4-sp/hard\libg_nano.a(lib_a-exit.o)
                0x000015c8                exit
 .text.__libc_init_array
                0x000015f0       0x48 c:/program files (x86)/gnu tools arm embedded/6 2017-q2-update/bin/../lib/gcc/arm-none-eabi/6.3.1/../../../../arm-none-eabi/lib/thumb/v7e-m/fpv4-sp/hard\libg_nano.a(lib_a-init.o)
                0x000015f0                __libc_init_array
 .text.memset   0x00001638       0x10 c:/program files (x86)/gnu tools arm embedded/6 2017-q2-update/bin/../lib/gcc/arm-none-eabi/6.3.1/../../../../arm-none-eabi/lib/thumb/v7e-m/fpv4-sp/hard\libg_nano.a(lib_a-memset.o)
                0x00001638                memset
 .text.snprintf
                0x00001648       0x68 c:/program files (x86)/gnu tools arm embedded/6 2017-q2-update/bin/../lib/gcc/arm-none-eabi/6.3.1/../../../../arm-none-eabi/lib/thumb/v7e-m/fpv4-sp/hard\libg_nano.a(lib_a-snprintf.o)
                0x00001648                sniprintf
                0x00001648                snprintf
 .text.__ssputs_r
                0x000016b0       0xb6 c:/program files (x86)/gnu tools arm embedded/6 2017-q2-update/bin/../lib/gcc/arm-none-eabi/6.3.1/../../../../arm-none-eabi/lib/thumb/v7e-m/fpv4-sp/hard\libg_nano.a(lib_a-nano-svfprintf.o)
                0x000016b0                __ssputs_r
 *fill*         0x00001766        0x2 
 .text._svfprintf_r
                0x00001768      0x1e8 c:/program files (x86)/gnu tools arm embedded/6 2017-q2-update/bin/../lib/gcc/arm-none-eabi/6.3.1/../../../../arm-none-eabi/lib/thumb/v7e-m/fpv4-sp/hard\libg_nano.a(lib_a-nano-svfprintf.o)
                0x00001768                _svfiprintf_r
                0x00001768                _svfprintf_r
 .text._printf_common
                0x00001950       0xec c:/program files (x86)/gnu tools arm embedded/6 2017-q2-update/bin/../lib/gcc/arm-none-eabi/6.3.1/../../../../arm-none-eabi/lib/thumb/v7e-m/fpv4-sp/hard\libg_nano.a(lib_a-nano-vfprintf_i.o)
                0x00001950                _printf_common
 .text._printf_i
                0x00001a3c      0x240 c:/program files (x86)/gnu tools arm embedded/6 2017-q2-update/bin/../lib/gcc/arm-none-eabi/6.3.1/../../../../arm-none-eabi/lib/thumb/v7e-m/fpv4-sp/hard\libg_nano.a(lib_a-nano-vfprintf_i.o)
                0x00001a3c                _printf_i
 .text.memcpy   0x00001c7c       0x16 c:/program files (x86)/gnu tools arm embedded/6 2017-q2-update/bin/../lib/gcc/arm-none-eabi/6.3.1/../../../../arm-none-eabi/lib/thumb/v7e-m/fpv4-sp/hard\libg_nano.a(lib_a-memcpy-stub.o)
                0x00001c7c                memcpy
 .text.memmove  0x00001c92       0x34 c:/program files (x86)/gnu tools arm embedded/6 2017-q2-update/bin/../lib/gcc/arm-none-eabi/6.3.1/../../../../arm-none-eabi/lib/thumb/v7e-m/fpv4-sp/hard\libg_nano.a(lib_a-memmove.o)
                0x00001c92                memmove
 *fill*         0x00001cc6        0x2 
 .text._free_r  0x00001cc8       0x9c c:/program files (x86)/gnu tools arm embedded/6 2017-q2-update/bin/../lib/gcc/arm-none-eabi/6.3.1/../../../../arm-none-eabi/lib/thumb/v7e-m/fpv4-sp/hard\libg_nano.a(lib_a-nano-freer.o)
                0x00001cc8                _free_r
 .text._malloc_r
                0x00001d64       0xbc c:/program files (x86)/gnu tools arm embedded/6 2017-q2-update/bin/../lib/gcc/arm-none-eabi/6.3.1/../../../../arm-none-eabi/lib/thumb/v7e-m/fpv4-sp/hard\libg_nano.a(lib_a-nano-mallocr.o)
                0x00001d64                _malloc_r
 .text._realloc_r
                0x00001e20       0x4c c:/program files (x86)/gnu tools arm embedded/6 2017-q2-update/bin/../lib/gcc/arm-none-eabi/6.3.1/../../../../arm-none-eabi/lib/thumb/v7e-m/fpv4-sp/hard\libg_nano.a(lib_a-nano-reallocr.o)
                0x00001e20                _realloc_r
 .text._sbrk_r  0x00001e6c       0x20 c:/program files (x86)/gnu tools arm embedded/6 2017-q2-update/bin/../lib/gcc/arm-none-eabi/6.3.1/../../../../arm-none-eabi/lib/thumb/v7e-m/fpv4-sp/hard\libg_nano.a(lib_a-sbrkr.o)
                0x00001e6c                _sbrk_r
 .text.__malloc_lock
                0x00001e8c        0x2 c:/program files (x86)/gnu tools arm embedded/6 2017-q2-update/bin/../lib/gcc/arm-none-eabi/6.3.1/../../../../arm-none-eabi/lib/thumb/v7e-m/fpv4-sp/hard\libg_nano.a(lib_a-mlock.o)
                0x00001e8c                __malloc_lock
 .text.__malloc_unlock
                0x00001e8e        0x2 c:/program files (x86)/gnu tools arm embedded/6 2017-q2-update/bin/../lib/gcc/arm-none-eabi/6.3.1/../../../../arm-none-eabi/lib/thumb/v7e-m/fpv4-sp/hard\libg_nano.a(lib_a-mlock.o)
                0x00001e8e                __malloc_unlock
 .text._malloc_usable_size_r
                0x00001e90       0x12 c:/program files (x86)/gnu tools arm embedded/6 2017-q2-update/bin/../lib/gcc/arm-none-eabi/6.3.1/../../../../arm-none-eabi/lib/thumb/v7e-m/fpv4-sp/hard\libg_nano.a(lib_a-nano-msizer.o)
                0x00001e90                _malloc_usable_size_r
 *fill*         0x00001ea2        0x2 
 .text._sbrk    0x00001ea4       0x1c c:/program files (x86)/gnu tools arm embedded/6 2017-q2-update/bin/../lib/gcc/arm-none-eabi/6.3.1/../../../../arm-none-eabi/lib/thumb/v7e-m/fpv4-sp/hard\libnosys.a(sbrk.o)
                0x00001ea4                _sbrk
 .text._exit    0x00001ec0        0x4 c:/program files (x86)/gnu tools arm embedded/6 2017-q2-update/bin/../lib/gcc/arm-none-eabi/6.3.1/../../../../arm-none-eabi/lib/thumb/v7e-m/fpv4-sp/hard\libnosys.a(_exit.o)
                0x00001ec0                _exit
 *(.rodata)
 *(.rodata*)
 .rodata.CPU_ClockConfigDescriptors
                0x00001ec4       0x1c ./Static_Code/System/CPU_Init.o
 .rodata.ClockGenModeMatrix
                0x00001ee0       0x80 ./Static_Code/System/CPU_Init.o
 .rodata.CPU_ClockGenModeRegs
                0x00001f60       0x20 ./Static_Code/System/CPU_Init.o
 .rodata.CPU_DefaultFEI
                0x00001f80        0x8 ./Static_Code/System/CPU_Init.o
 .rodata.CPU_DefaultFBI
                0x00001f88        0x8 ./Static_Code/System/CPU_Init.o
 .rodata.CPU_DefaultBLPI
                0x00001f90        0x8 ./Static_Code/System/CPU_Init.o
 .rodata.CPU_DefaultFEE
                0x00001f98        0x8 ./Static_Code/System/CPU_Init.o
 .rodata.CPU_DefaultFBE
                0x00001fa0        0x8 ./Static_Code/System/CPU_Init.o
 .rodata.CPU_DefaultBLPE
                0x00001fa8        0x8 ./Static_Code/System/CPU_Init.o
 .rodata.CPU_DefaultPBE
                0x00001fb0        0x8 ./Static_Code/System/CPU_Init.o
 .rodata.CPU_DefaultPEE
                0x00001fb8        0x8 ./Static_Code/System/CPU_Init.o
 .rodata.str1.1
                0x00001fc0      0x2ad ./Sources/c_with_coawait.o
 *fill*         0x0000226d        0x3 
 .rodata._global_impure_ptr
                0x00002270        0x4 c:/program files (x86)/gnu tools arm embedded/6 2017-q2-update/bin/../lib/gcc/arm-none-eabi/6.3.1/../../../../arm-none-eabi/lib/thumb/v7e-m/fpv4-sp/hard\libg_nano.a(lib_a-impure.o)
                0x00002270                _global_impure_ptr
 .rodata._svfprintf_r.str1.1
                0x00002274       0x11 c:/program files (x86)/gnu tools arm embedded/6 2017-q2-update/bin/../lib/gcc/arm-none-eabi/6.3.1/../../../../arm-none-eabi/lib/thumb/v7e-m/fpv4-sp/hard\libg_nano.a(lib_a-nano-svfprintf.o)
 .rodata._printf_i.str1.1
                0x00002285       0x22 c:/program files (x86)/gnu tools arm embedded/6 2017-q2-update/bin/../lib/gcc/arm-none-eabi/6.3.1/../../../../arm-none-eabi/lib/thumb/v7e-m/fpv4-sp/hard\libg_nano.a(lib_a-nano-vfprintf_i.o)
 *(.glue_7)
 .glue_7        0x000022a7        0x0 linker stubs
 *(.glue_7t)
 .glue_7t       0x000022a7        0x0 linker stubs
 *(.eh_frame)
 *fill*         0x000022a7        0x1 
 .eh_frame      0x000022a8        0x0 c:/program files (x86)/gnu tools arm embedded/6 2017-q2-update/bin/../lib/gcc/arm-none-eabi/6.3.1/thumb/v7e-m/fpv4-sp/hard/crtbegin.o
 *(.init)
 .init          0x000022a8        0x4 c:/program files (x86)/gnu tools arm embedded/6 2017-q2-update/bin/../lib/gcc/arm-none-eabi/6.3.1/thumb/v7e-m/fpv4-sp/hard/crti.o
                0x000022a8                _init
 .init          0x000022ac        0x8 c:/program files (x86)/gnu tools arm embedded/6 2017-q2-update/bin/../lib/gcc/arm-none-eabi/6.3.1/thumb/v7e-m/fpv4-sp/hard/crtn.o
 *(.fini)
 .fini          0x000022b4        0x4 c:/program files (x86)/gnu tools arm embedded/6 2017-q2-update/bin/../lib/gcc/arm-none-eabi/6.3.1/thumb/v7e-m/fpv4-sp/hard/crti.o
                0x000022b4                _fini
 .fini          0x000022b8        0x8 c:/program files (x86)/gnu tools arm embedded/6 2017-q2-update/bin/../lib/gcc/arm-none-eabi/6.3.1/thumb/v7e-m/fpv4-sp/hard/crtn.o
                0x000022c0                . = ALIGN (0x4)
                0x000022c0                _etext = .

.vfp11_veneer   0x000022c0        0x0
 .vfp11_veneer  0x000022c0        0x0 linker stubs

.v4_bx          0x000022c0        0x0
 .v4_bx         0x000022c0        0x0 linker stubs

.iplt           0x000022c0        0x0
 .iplt          0x000022c0        0x0 c:/program files (x86)/gnu tools arm embedded/6 2017-q2-update/bin/../lib/gcc/arm-none-eabi/6.3.1/thumb/v7e-m/fpv4-sp/hard/crtbegin.o

.ARM.extab
 *(.ARM.extab* .gnu.linkonce.armextab.*)

.ARM            0x000022c0        0x8
                0x000022c0                __exidx_start = .
 *(.ARM.exidx*)
 .ARM.exidx     0x000022c0        0x8 c:/program files (x86)/gnu tools arm embedded/6 2017-q2-update/bin/../lib/gcc/arm-none-eabi/6.3.1/../../../../arm-none-eabi/lib/thumb/v7e-m/fpv4-sp/hard/crt0.o
 .ARM.exidx.text.CPU_SetBASEPRI
                0x000022c8        0x0 ./Static_Code/System/CPU_Init.o
                                  0x8 (size before relaxing)
 .ARM.exidx.text.__init_hardware
                0x000022c8        0x0 ./Static_Code/System/CPU_Init.o
                                  0x8 (size before relaxing)
 .ARM.exidx.text.CPU_SetClockConfigGenMode
                0x000022c8        0x0 ./Static_Code/System/CPU_Init.o
                                  0x8 (size before relaxing)
 .ARM.exidx.text.PE_low_level_init
                0x000022c8        0x0 ./Static_Code/System/CPU_Init.o
                                  0x8 (size before relaxing)
 .ARM.exidx.text.CPU_GetClockGenMode
                0x000022c8        0x0 ./Static_Code/System/CPU_Init.o
                                  0x8 (size before relaxing)
 .ARM.exidx.text.UnhandledInterrupt
                0x000022c8        0x0 ./Static_Code/System/Vectors.o
                                  0x8 (size before relaxing)
 .ARM.exidx.text.Cpu_OnNMI
                0x000022c8        0x0 ./Sources/Events.o
                                  0x8 (size before relaxing)
 .ARM.exidx.text.AD1_OnEnd
                0x000022c8        0x0 ./Sources/Events.o
                                  0x8 (size before relaxing)
 .ARM.exidx.text.AD1_OnCalibrationEnd
                0x000022c8        0x0 ./Sources/Events.o
                                  0x8 (size before relaxing)
 .ARM.exidx.text._Z9print_bufPKc
                0x000022c8        0x0 ./Sources/arm_print.o
                                  0x8 (size before relaxing)
 .ARM.exidx.text._Z9print_ptrPKcPv
                0x000022c8        0x0 ./Sources/arm_print.o
                                  0x8 (size before relaxing)
 .ARM.exidx.text._Z10print_sizePKcj
                0x000022c8        0x0 ./Sources/arm_print.o
                                  0x8 (size before relaxing)
 .ARM.exidx.text._Z9print_intPKci
                0x000022c8        0x0 ./Sources/arm_print.o
                                  0x8 (size before relaxing)
 .ARM.exidx.text._Z11co_resolvedPa
                0x000022c8        0x0 ./Sources/c_with_coawait.o
                                  0x8 (size before relaxing)
 .ARM.exidx.text._Z13co_promise_fnPa
                0x000022c8        0x0 ./Sources/c_with_coawait.o
                                  0x8 (size before relaxing)
 .ARM.exidx.text._Z18co_resolve_promisePa
                0x000022c8        0x0 ./Sources/c_with_coawait.o
                                  0x8 (size before relaxing)
 .ARM.exidx.text._Z20_co_initialise_framePa
                0x000022c8        0x0 ./Sources/c_with_coawait.o
                                  0x8 (size before relaxing)
 .ARM.exidx.text._Z8read_adcPa
                0x000022c8        0x0 ./Sources/c_with_coawait.o
                                  0x8 (size before relaxing)
 .ARM.exidx.text.ADC_ISR
                0x000022c8        0x0 ./Sources/c_with_coawait.o
                                  0x8 (size before relaxing)
 .ARM.exidx.text._Z9schedulerv
                0x000022c8        0x0 ./Sources/c_with_coawait.o
                                  0x8 (size before relaxing)
 .ARM.exidx.text.inner_main
                0x000022c8        0x0 ./Sources/c_with_coawait.o
                                  0x8 (size before relaxing)
 .ARM.exidx.text._Z8read_adcPa.resume
                0x000022c8        0x0 ./Sources/c_with_coawait.o
                                  0x8 (size before relaxing)
 .ARM.exidx.text._Z8read_adcPa.destroy
                0x000022c8        0x0 ./Sources/c_with_coawait.o
                                  0x8 (size before relaxing)
 .ARM.exidx.text._Z2f1iPv
                0x000022c8        0x0 ./Sources/llvm2.o
                                  0x8 (size before relaxing)
 .ARM.exidx.text.mymain
                0x000022c8        0x0 ./Sources/llvm2.o
                                  0x8 (size before relaxing)
 .ARM.exidx.text._Z2f1iPv.resume
                0x000022c8        0x0 ./Sources/llvm2.o
                                  0x8 (size before relaxing)
 .ARM.exidx.text._Z2f1iPv.destroy
                0x000022c8        0x0 ./Sources/llvm2.o
                                  0x8 (size before relaxing)
 .ARM.exidx.text.main
                0x000022c8        0x0 ./Sources/main.o
                                  0x8 (size before relaxing)
 .ARM.exidx.text.__copy_rom_section
                0x000022c8        0x0 ./Project_Settings/Startup_Code/startup.o
                                  0x8 (size before relaxing)
 .ARM.exidx.text.__copy_rom_sections_to_ram
                0x000022c8        0x0 ./Project_Settings/Startup_Code/startup.o
                                  0x8 (size before relaxing)
 .ARM.exidx.text.__init_registers
                0x000022c8        0x0 ./Project_Settings/Startup_Code/startup.o
                                  0x8 (size before relaxing)
 .ARM.exidx.text.__init_user
                0x000022c8        0x0 ./Project_Settings/Startup_Code/startup.o
                                  0x8 (size before relaxing)
 .ARM.exidx.text.__thumb_startup
                0x000022c8        0x0 ./Project_Settings/Startup_Code/startup.o
                                  0x8 (size before relaxing)
 .ARM.exidx.text.AD1_HWEnDi
                0x000022c8        0x0 ./Generated_Code/AD1.o
                                  0x8 (size before relaxing)
 .ARM.exidx.text.AD1_Measure
                0x000022c8        0x0 ./Generated_Code/AD1.o
                                  0x8 (size before relaxing)
 .ARM.exidx.text.AD1_GetValue16
                0x000022c8        0x0 ./Generated_Code/AD1.o
                                  0x8 (size before relaxing)
 .ARM.exidx.text.AD1_Calibrate
                0x000022c8        0x0 ./Generated_Code/AD1.o
                                  0x8 (size before relaxing)
 .ARM.exidx.text.AdcLdd1_OnMeasurementComplete
                0x000022c8        0x0 ./Generated_Code/AD1.o
                                  0x8 (size before relaxing)
 .ARM.exidx.text.AD1_Init
                0x000022c8        0x0 ./Generated_Code/AD1.o
                                  0x8 (size before relaxing)
 .ARM.exidx.text.ASerialLdd1_Init
                0x000022c8        0x0 ./Generated_Code/ASerialLdd1.o
                                  0x8 (size before relaxing)
 .ARM.exidx.text.ASerialLdd1_ReceiveBlock
                0x000022c8        0x0 ./Generated_Code/ASerialLdd1.o
                                  0x8 (size before relaxing)
 .ARM.exidx.text.ASerialLdd1_SendBlock
                0x000022c8        0x0 ./Generated_Code/ASerialLdd1.o
                                  0x8 (size before relaxing)
 .ARM.exidx.text.ASerialLdd1_Main
                0x000022c8        0x0 ./Generated_Code/ASerialLdd1.o
                                  0x8 (size before relaxing)
 .ARM.exidx.text.InterruptRx
                0x000022c8        0x0 ./Generated_Code/ASerialLdd1.o
                                  0x8 (size before relaxing)
 .ARM.exidx.text.InterruptTx
                0x000022c8        0x0 ./Generated_Code/ASerialLdd1.o
                                  0x8 (size before relaxing)
 .ARM.exidx.text.AdcLdd1_Init
                0x000022c8        0x0 ./Generated_Code/AdcLdd1.o
                                  0x8 (size before relaxing)
 .ARM.exidx.text.AdcLdd1_StartSingleMeasurement
                0x000022c8        0x0 ./Generated_Code/AdcLdd1.o
                                  0x8 (size before relaxing)
 .ARM.exidx.text.AdcLdd1_CreateSampleGroup
                0x000022c8        0x0 ./Generated_Code/AdcLdd1.o
                                  0x8 (size before relaxing)
 .ARM.exidx.text.AdcLdd1_GetMeasuredValues
                0x000022c8        0x0 ./Generated_Code/AdcLdd1.o
                                  0x8 (size before relaxing)
 .ARM.exidx.text.AdcLdd1_GetMeasurementCompleteStatus
                0x000022c8        0x0 ./Generated_Code/AdcLdd1.o
                                  0x8 (size before relaxing)
 .ARM.exidx.text.AdcLdd1_StartCalibration
                0x000022c8        0x0 ./Generated_Code/AdcLdd1.o
                                  0x8 (size before relaxing)
 .ARM.exidx.text.AdcLdd1_GetCalibrationResultStatus
                0x000022c8        0x0 ./Generated_Code/AdcLdd1.o
                                  0x8 (size before relaxing)
 .ARM.exidx.text.AdcLdd1_MeasurementCompleteInterrupt
                0x000022c8        0x0 ./Generated_Code/AdcLdd1.o
                                  0x8 (size before relaxing)
 .ARM.exidx.text.BitIoLdd1_Init
                0x000022c8        0x0 ./Generated_Code/BitIoLdd1.o
                                  0x8 (size before relaxing)
 .ARM.exidx.text.BitIoLdd1_PutVal
                0x000022c8        0x0 ./Generated_Code/BitIoLdd1.o
                                  0x8 (size before relaxing)
 .ARM.exidx.text.Common_Init
                0x000022c8        0x0 ./Generated_Code/Cpu.o
                                  0x8 (size before relaxing)
 .ARM.exidx.text.Components_Init
                0x000022c8        0x0 ./Generated_Code/Cpu.o
                                  0x8 (size before relaxing)
 .ARM.exidx.text.Cpu_INT_NMIInterrupt
                0x000022c8        0x0 ./Generated_Code/Cpu.o
                                  0x8 (size before relaxing)
 .ARM.exidx.text.Inhr1_SendChar
                0x000022c8        0x0 ./Generated_Code/Inhr1.o
                                  0x8 (size before relaxing)
 .ARM.exidx.text.Inhr1_Init
                0x000022c8        0x0 ./Generated_Code/Inhr1.o
                                  0x8 (size before relaxing)
 .ARM.exidx.text.HWEnDi
                0x000022c8        0x0 ./Generated_Code/Inhr1.o
                                  0x8 (size before relaxing)
 .ARM.exidx.text.ASerialLdd1_OnBreak
                0x000022c8        0x0 ./Generated_Code/Inhr1.o
                                  0x8 (size before relaxing)
 .ARM.exidx.text.Term1_SendStr
                0x000022c8        0x0 ./Generated_Code/Term1.o
                                  0x8 (size before relaxing)
                0x000022c8                __exidx_end = .

.rel.dyn        0x000022c8        0x0
 .rel.iplt      0x000022c8        0x0 c:/program files (x86)/gnu tools arm embedded/6 2017-q2-update/bin/../lib/gcc/arm-none-eabi/6.3.1/thumb/v7e-m/fpv4-sp/hard/crtbegin.o

.ctors          0x000022c8        0x0
                0x000022c8                __CTOR_LIST__ = .
 *crtbegin.o(.ctors)
 *(EXCLUDE_FILE(*crtend.o) .ctors)
 *(SORT(.ctors.*))
 *(.ctors)
                0x000022c8                __CTOR_END__ = .

.dtors          0x000022c8        0x0
                0x000022c8                __DTOR_LIST__ = .
 *crtbegin.o(.dtors)
 *(EXCLUDE_FILE(*crtend.o) .dtors)
 *(SORT(.dtors.*))
 *(.dtors)
                0x000022c8                __DTOR_END__ = .

.preinit_array  0x000022c8        0x0
                0x000022c8                PROVIDE (__preinit_array_start, .)
 *(.preinit_array*)
                0x000022c8                PROVIDE (__preinit_array_end, .)

.init_array     0x000022c8        0x4
                0x000022c8                PROVIDE (__init_array_start, .)
 *(SORT(.init_array.*))
 *(.init_array*)
 .init_array    0x000022c8        0x4 c:/program files (x86)/gnu tools arm embedded/6 2017-q2-update/bin/../lib/gcc/arm-none-eabi/6.3.1/thumb/v7e-m/fpv4-sp/hard/crtbegin.o
                0x000022cc                PROVIDE (__init_array_end, .)

.fini_array     0x000022cc        0x4
                [!provide]                PROVIDE (__fini_array_start, .)
 *(SORT(.fini_array.*))
 *(.fini_array*)
 .fini_array    0x000022cc        0x4 c:/program files (x86)/gnu tools arm embedded/6 2017-q2-update/bin/../lib/gcc/arm-none-eabi/6.3.1/thumb/v7e-m/fpv4-sp/hard/crtbegin.o
                [!provide]                PROVIDE (__fini_array_end, .)
                0x000022d0                ___ROM_AT = .

.data           0x1fff0000       0x64 load address 0x000022d0
                0x1fff0000                . = ALIGN (0x4)
                0x1fff0000                _sdata = .
 *(.data)
 *(.data*)
 .data._impure_ptr
                0x1fff0000        0x4 c:/program files (x86)/gnu tools arm embedded/6 2017-q2-update/bin/../lib/gcc/arm-none-eabi/6.3.1/../../../../arm-none-eabi/lib/thumb/v7e-m/fpv4-sp/hard\libg_nano.a(lib_a-impure.o)
                0x1fff0000                _impure_ptr
 .data.impure_data
                0x1fff0004       0x60 c:/program files (x86)/gnu tools arm embedded/6 2017-q2-update/bin/../lib/gcc/arm-none-eabi/6.3.1/../../../../arm-none-eabi/lib/thumb/v7e-m/fpv4-sp/hard\libg_nano.a(lib_a-impure.o)
                0x1fff0064                . = ALIGN (0x4)
                0x1fff0064                _edata = .
                0x00000064                ___data_size = (_edata - _sdata)
                0x00002334                ___m_data_20000000_ROMStart = (___ROM_AT + SIZEOF (.data))

.jcr            0x1fff0064        0x0 load address 0x00002334
 .jcr           0x1fff0064        0x0 c:/program files (x86)/gnu tools arm embedded/6 2017-q2-update/bin/../lib/gcc/arm-none-eabi/6.3.1/thumb/v7e-m/fpv4-sp/hard/crtbegin.o

.igot.plt       0x1fff0064        0x0 load address 0x00002334
 .igot.plt      0x1fff0064        0x0 c:/program files (x86)/gnu tools arm embedded/6 2017-q2-update/bin/../lib/gcc/arm-none-eabi/6.3.1/thumb/v7e-m/fpv4-sp/hard/crtbegin.o

.m_data_20000000
                0x20000000        0x0 load address 0x00002334
                0x20000000                . = ALIGN (0x4)
                0x20000000                ___m_data_20000000_RAMStart = .
 *(.m_data_20000000)
                0x20000000                ___m_data_20000000_RAMEnd = .
                0x20000000                . = ALIGN (0x4)
                0x00000000                ___m_data_20000000_ROMSize = (___m_data_20000000_RAMEnd - ___m_data_20000000_RAMStart)
                0x20000000                . = ALIGN (0x4)

.bss            0x1fff0064      0x19c load address 0x00002334
                0x1fff0064                __START_BSS = .
                0x1fff0064                PROVIDE (__bss_start__, __START_BSS)
 *(.bss)
 .bss           0x1fff0064       0x1c c:/program files (x86)/gnu tools arm embedded/6 2017-q2-update/bin/../lib/gcc/arm-none-eabi/6.3.1/thumb/v7e-m/fpv4-sp/hard/crtbegin.o
 *(.bss*)
 .bss.SR_lock   0x1fff0080        0x1 ./Static_Code/System/CPU_Init.o
                0x1fff0080                SR_lock
 *fill*         0x1fff0081        0x3 
 .bss.adc_calibrated
                0x1fff0084        0x4 ./Sources/c_with_coawait.o
                0x1fff0084                adc_calibrated
 .bss.read_adc_handle
                0x1fff0088       0xc8 ./Sources/c_with_coawait.o
                0x1fff0088                read_adc_handle
 .bss.csf1      0x1fff0150       0x28 ./Sources/llvm2.o
                0x1fff0150                csf1
 .bss.csf2      0x1fff0178       0x28 ./Sources/llvm2.o
                0x1fff0178                csf2
 .bss.ModeFlg   0x1fff01a0        0x1 ./Generated_Code/AD1.o
 .bss.OutFlg    0x1fff01a1        0x1 ./Generated_Code/AD1.o
 .bss.SampleGroup
                0x1fff01a2        0x1 ./Generated_Code/AD1.o
 *fill*         0x1fff01a3        0x1 
 .bss.DeviceDataPrv__DEFAULT_RTOS_ALLOC
                0x1fff01a4       0x20 ./Generated_Code/ASerialLdd1.o
 .bss.DeviceDataPrv__DEFAULT_RTOS_ALLOC
                0x1fff01c4        0x8 ./Generated_Code/AdcLdd1.o
 .bss.DeviceDataPrv__DEFAULT_RTOS_ALLOC
                0x1fff01cc        0x4 ./Generated_Code/BitIoLdd1.o
 .bss.BufferRead
                0x1fff01d0        0x1 ./Generated_Code/Inhr1.o
 .bss.OutBuffer
                0x1fff01d1        0x1 ./Generated_Code/Inhr1.o
 .bss.SerFlag   0x1fff01d2        0x2 ./Generated_Code/Inhr1.o
 .bss.PE_LDD_DeviceDataList
                0x1fff01d4        0xc ./Generated_Code/PE_LDD.o
                0x1fff01d4                PE_LDD_DeviceDataList
 .bss.__malloc_free_list
                0x1fff01e0        0x4 c:/program files (x86)/gnu tools arm embedded/6 2017-q2-update/bin/../lib/gcc/arm-none-eabi/6.3.1/../../../../arm-none-eabi/lib/thumb/v7e-m/fpv4-sp/hard\libg_nano.a(lib_a-nano-mallocr.o)
                0x1fff01e0                __malloc_free_list
 .bss.__malloc_sbrk_start
                0x1fff01e4        0x4 c:/program files (x86)/gnu tools arm embedded/6 2017-q2-update/bin/../lib/gcc/arm-none-eabi/6.3.1/../../../../arm-none-eabi/lib/thumb/v7e-m/fpv4-sp/hard\libg_nano.a(lib_a-nano-mallocr.o)
                0x1fff01e4                __malloc_sbrk_start
 .bss.heap_end.5239
                0x1fff01e8        0x4 c:/program files (x86)/gnu tools arm embedded/6 2017-q2-update/bin/../lib/gcc/arm-none-eabi/6.3.1/../../../../arm-none-eabi/lib/thumb/v7e-m/fpv4-sp/hard\libnosys.a(sbrk.o)
 *(COMMON)
 COMMON         0x1fff01ec        0x1 ./Static_Code/System/CPU_Init.o
                0x1fff01ec                SR_reg
 *fill*         0x1fff01ed        0x3 
 COMMON         0x1fff01f0        0x8 ./Generated_Code/AD1.o
                0x1fff01f0                CalibrationStatus
                0x1fff01f2                AD1_OutV
                0x1fff01f4                AdcLdd1_DeviceDataPtr
 COMMON         0x1fff01f8        0x4 ./Generated_Code/Inhr1.o
                0x1fff01f8                ASerialLdd1_DeviceDataPtr
 COMMON         0x1fff01fc        0x4 c:/program files (x86)/gnu tools arm embedded/6 2017-q2-update/bin/../lib/gcc/arm-none-eabi/6.3.1/../../../../arm-none-eabi/lib/thumb/v7e-m/fpv4-sp/hard\libg_nano.a(lib_a-reent.o)
                0x1fff01fc                errno
                0x1fff0200                . = ALIGN (0x4)
                0x1fff0200                __END_BSS = .
                0x1fff0200                PROVIDE (__bss_end__, __END_BSS)
                0x00002334                _romp_at = ((___ROM_AT + SIZEOF (.data)) + SIZEOF (.m_data_20000000))

.romp           0x1fff0200       0x24 load address 0x00002334
                0x00002334                __S_romp = _romp_at
                0x1fff0200        0x4 LONG 0x22d0 ___ROM_AT
                0x1fff0204        0x4 LONG 0x1fff0000 _sdata
                0x1fff0208        0x4 LONG 0x64 ___data_size
                0x1fff020c        0x4 LONG 0x2334 ___m_data_20000000_ROMStart
                0x1fff0210        0x4 LONG 0x20000000 ___m_data_20000000_RAMStart
                0x1fff0214        0x4 LONG 0x0 ___m_data_20000000_ROMSize
                0x1fff0218        0x4 LONG 0x0
                0x1fff021c        0x4 LONG 0x0
                0x1fff0220        0x4 LONG 0x0
                0x00080000                text_end = (ORIGIN (m_text) + LENGTH (m_text))
                0x00002358                data_init_end = ((___m_data_20000000_ROMStart + SIZEOF (.m_data_20000000)) + SIZEOF (.romp))
                0x00000001                ASSERT ((data_init_end <= text_end), region m_text overflowed with text and data)

._user_heap_stack
                0x1fff0224      0x400 load address 0x00002358
                0x1fff0224                . = ALIGN (0x4)
                0x1fff0224                PROVIDE (end, .)
                [!provide]                PROVIDE (_end, .)
                [!provide]                PROVIDE (__end__, .)
                0x1fff0224                __heap_addr = .
                0x1fff0224                __HeapBase = .
                0x1fff0224                . = (. + __heap_size)
                0x1fff0224                __HeapLimit = .
                0x1fff0624                . = (. + __stack_size)
 *fill*         0x1fff0224      0x400 
                0x1fff0624                . = ALIGN (0x4)

.ARM.attributes
                0x00000000       0x36
 *(.ARM.attributes)
 .ARM.attributes
                0x00000000       0x22 c:/program files (x86)/gnu tools arm embedded/6 2017-q2-update/bin/../lib/gcc/arm-none-eabi/6.3.1/thumb/v7e-m/fpv4-sp/hard/crti.o
 .ARM.attributes
                0x00000022       0x34 c:/program files (x86)/gnu tools arm embedded/6 2017-q2-update/bin/../lib/gcc/arm-none-eabi/6.3.1/thumb/v7e-m/fpv4-sp/hard/crtbegin.o
 .ARM.attributes
                0x00000056       0x20 c:/program files (x86)/gnu tools arm embedded/6 2017-q2-update/bin/../lib/gcc/arm-none-eabi/6.3.1/../../../../arm-none-eabi/lib/thumb/v7e-m/fpv4-sp/hard/crt0.o
 .ARM.attributes
                0x00000076       0x49 ./Static_Code/System/CPU_Init.o
 .ARM.attributes
                0x000000bf       0x49 ./Static_Code/System/Vectors.o
 .ARM.attributes
                0x00000108       0x49 ./Sources/Events.o
 .ARM.attributes
                0x00000151       0x49 ./Sources/arm_print.o
 .ARM.attributes
                0x0000019a       0x49 ./Sources/c_with_coawait.o
 .ARM.attributes
                0x000001e3       0x49 ./Sources/llvm2.o
 .ARM.attributes
                0x0000022c       0x49 ./Sources/main.o
 .ARM.attributes
                0x00000275       0x49 ./Project_Settings/Startup_Code/startup.o
 .ARM.attributes
                0x000002be       0x49 ./Generated_Code/AD1.o
 .ARM.attributes
                0x00000307       0x49 ./Generated_Code/ASerialLdd1.o
 .ARM.attributes
                0x00000350       0x49 ./Generated_Code/AdcLdd1.o
 .ARM.attributes
                0x00000399       0x49 ./Generated_Code/BitIoLdd1.o
 .ARM.attributes
                0x000003e2       0x49 ./Generated_Code/Cpu.o
 .ARM.attributes
                0x0000042b       0x49 ./Generated_Code/Inhr1.o
 .ARM.attributes
                0x00000474       0x49 ./Generated_Code/PE_LDD.o
 .ARM.attributes
                0x000004bd       0x49 ./Generated_Code/Term1.o
 .ARM.attributes
                0x00000506       0x34 c:/program files (x86)/gnu tools arm embedded/6 2017-q2-update/bin/../lib/gcc/arm-none-eabi/6.3.1/../../../../arm-none-eabi/lib/thumb/v7e-m/fpv4-sp/hard\libg_nano.a(lib_a-aeabi_memclr.o)
 .ARM.attributes
                0x0000053a       0x20 c:/program files (x86)/gnu tools arm embedded/6 2017-q2-update/bin/../lib/gcc/arm-none-eabi/6.3.1/../../../../arm-none-eabi/lib/thumb/v7e-m/fpv4-sp/hard\libg_nano.a(lib_a-aeabi_memset-soft.o)
 .ARM.attributes
                0x0000055a       0x34 c:/program files (x86)/gnu tools arm embedded/6 2017-q2-update/bin/../lib/gcc/arm-none-eabi/6.3.1/../../../../arm-none-eabi/lib/thumb/v7e-m/fpv4-sp/hard\libg_nano.a(lib_a-exit.o)
 .ARM.attributes
                0x0000058e       0x34 c:/program files (x86)/gnu tools arm embedded/6 2017-q2-update/bin/../lib/gcc/arm-none-eabi/6.3.1/../../../../arm-none-eabi/lib/thumb/v7e-m/fpv4-sp/hard\libg_nano.a(lib_a-impure.o)
 .ARM.attributes
                0x000005c2       0x34 c:/program files (x86)/gnu tools arm embedded/6 2017-q2-update/bin/../lib/gcc/arm-none-eabi/6.3.1/../../../../arm-none-eabi/lib/thumb/v7e-m/fpv4-sp/hard\libg_nano.a(lib_a-init.o)
 .ARM.attributes
                0x000005f6       0x34 c:/program files (x86)/gnu tools arm embedded/6 2017-q2-update/bin/../lib/gcc/arm-none-eabi/6.3.1/../../../../arm-none-eabi/lib/thumb/v7e-m/fpv4-sp/hard\libg_nano.a(lib_a-memset.o)
 .ARM.attributes
                0x0000062a       0x34 c:/program files (x86)/gnu tools arm embedded/6 2017-q2-update/bin/../lib/gcc/arm-none-eabi/6.3.1/../../../../arm-none-eabi/lib/thumb/v7e-m/fpv4-sp/hard\libg_nano.a(lib_a-snprintf.o)
 .ARM.attributes
                0x0000065e       0x34 c:/program files (x86)/gnu tools arm embedded/6 2017-q2-update/bin/../lib/gcc/arm-none-eabi/6.3.1/../../../../arm-none-eabi/lib/thumb/v7e-m/fpv4-sp/hard\libg_nano.a(lib_a-nano-svfprintf.o)
 .ARM.attributes
                0x00000692       0x34 c:/program files (x86)/gnu tools arm embedded/6 2017-q2-update/bin/../lib/gcc/arm-none-eabi/6.3.1/../../../../arm-none-eabi/lib/thumb/v7e-m/fpv4-sp/hard\libg_nano.a(lib_a-nano-vfprintf_i.o)
 .ARM.attributes
                0x000006c6       0x20 c:/program files (x86)/gnu tools arm embedded/6 2017-q2-update/bin/../lib/gcc/arm-none-eabi/6.3.1/../../../../arm-none-eabi/lib/thumb/v7e-m/fpv4-sp/hard\libg_nano.a(lib_a-memchr.o)
 .ARM.attributes
                0x000006e6       0x34 c:/program files (x86)/gnu tools arm embedded/6 2017-q2-update/bin/../lib/gcc/arm-none-eabi/6.3.1/../../../../arm-none-eabi/lib/thumb/v7e-m/fpv4-sp/hard\libg_nano.a(lib_a-memcpy-stub.o)
 .ARM.attributes
                0x0000071a       0x34 c:/program files (x86)/gnu tools arm embedded/6 2017-q2-update/bin/../lib/gcc/arm-none-eabi/6.3.1/../../../../arm-none-eabi/lib/thumb/v7e-m/fpv4-sp/hard\libg_nano.a(lib_a-memmove.o)
 .ARM.attributes
                0x0000074e       0x34 c:/program files (x86)/gnu tools arm embedded/6 2017-q2-update/bin/../lib/gcc/arm-none-eabi/6.3.1/../../../../arm-none-eabi/lib/thumb/v7e-m/fpv4-sp/hard\libg_nano.a(lib_a-nano-freer.o)
 .ARM.attributes
                0x00000782       0x34 c:/program files (x86)/gnu tools arm embedded/6 2017-q2-update/bin/../lib/gcc/arm-none-eabi/6.3.1/../../../../arm-none-eabi/lib/thumb/v7e-m/fpv4-sp/hard\libg_nano.a(lib_a-nano-mallocr.o)
 .ARM.attributes
                0x000007b6       0x34 c:/program files (x86)/gnu tools arm embedded/6 2017-q2-update/bin/../lib/gcc/arm-none-eabi/6.3.1/../../../../arm-none-eabi/lib/thumb/v7e-m/fpv4-sp/hard\libg_nano.a(lib_a-nano-reallocr.o)
 .ARM.attributes
                0x000007ea       0x34 c:/program files (x86)/gnu tools arm embedded/6 2017-q2-update/bin/../lib/gcc/arm-none-eabi/6.3.1/../../../../arm-none-eabi/lib/thumb/v7e-m/fpv4-sp/hard\libg_nano.a(lib_a-sbrkr.o)
 .ARM.attributes
                0x0000081e       0x34 c:/program files (x86)/gnu tools arm embedded/6 2017-q2-update/bin/../lib/gcc/arm-none-eabi/6.3.1/../../../../arm-none-eabi/lib/thumb/v7e-m/fpv4-sp/hard\libg_nano.a(lib_a-mlock.o)
 .ARM.attributes
                0x00000852       0x34 c:/program files (x86)/gnu tools arm embedded/6 2017-q2-update/bin/../lib/gcc/arm-none-eabi/6.3.1/../../../../arm-none-eabi/lib/thumb/v7e-m/fpv4-sp/hard\libg_nano.a(lib_a-nano-msizer.o)
 .ARM.attributes
                0x00000886       0x34 c:/program files (x86)/gnu tools arm embedded/6 2017-q2-update/bin/../lib/gcc/arm-none-eabi/6.3.1/../../../../arm-none-eabi/lib/thumb/v7e-m/fpv4-sp/hard\libg_nano.a(lib_a-reent.o)
 .ARM.attributes
                0x000008ba       0x34 c:/program files (x86)/gnu tools arm embedded/6 2017-q2-update/bin/../lib/gcc/arm-none-eabi/6.3.1/../../../../arm-none-eabi/lib/thumb/v7e-m/fpv4-sp/hard\libnosys.a(sbrk.o)
 .ARM.attributes
                0x000008ee       0x34 c:/program files (x86)/gnu tools arm embedded/6 2017-q2-update/bin/../lib/gcc/arm-none-eabi/6.3.1/../../../../arm-none-eabi/lib/thumb/v7e-m/fpv4-sp/hard\libnosys.a(_exit.o)
 .ARM.attributes
                0x00000922       0x22 c:/program files (x86)/gnu tools arm embedded/6 2017-q2-update/bin/../lib/gcc/arm-none-eabi/6.3.1/thumb/v7e-m/fpv4-sp/hard/crtn.o
OUTPUT(coroinc_xt.elf elf32-littlearm)

.debug_str      0x00000000     0x211d
 .debug_str     0x00000000      0x61e ./Static_Code/System/CPU_Init.o
                                0x687 (size before relaxing)
 .debug_str     0x0000061e      0x9e4 ./Static_Code/System/Vectors.o
                                0xa3f (size before relaxing)
 .debug_str     0x00001002       0x5f ./Sources/Events.o
                                 0xa6 (size before relaxing)
 .debug_str     0x00001061       0xbb ./Sources/arm_print.o
                                0x132 (size before relaxing)
 .debug_str     0x0000111c      0x2a2 ./Sources/c_with_coawait.o
                                0x370 (size before relaxing)
 .debug_str     0x000013be       0x7b ./Sources/llvm2.o
                                0x11e (size before relaxing)
 .debug_str     0x00001439       0x34 ./Sources/main.o
                                 0x84 (size before relaxing)
 .debug_str     0x0000146d       0xf5 ./Project_Settings/Startup_Code/startup.o
                                0x250 (size before relaxing)
 .debug_str     0x00001562      0x155 ./Generated_Code/AD1.o
                                0x237 (size before relaxing)
 .debug_str     0x000016b7      0x2e2 ./Generated_Code/ASerialLdd1.o
                                0x520 (size before relaxing)
 .debug_str     0x00001999      0x2a0 ./Generated_Code/AdcLdd1.o
                                0x518 (size before relaxing)
 .debug_str     0x00001c39      0x115 ./Generated_Code/BitIoLdd1.o
                                0x331 (size before relaxing)
 .debug_str     0x00001d4e       0x6b ./Generated_Code/Cpu.o
                                0x212 (size before relaxing)
 .debug_str     0x00001db9       0xe4 ./Generated_Code/Inhr1.o
                                0x1d3 (size before relaxing)
 .debug_str     0x00001e9d      0x192 ./Generated_Code/PE_LDD.o
                                0x278 (size before relaxing)
 .debug_str     0x0000202f       0xee ./Generated_Code/Term1.o
                                0x1ca (size before relaxing)

.debug_loc      0x00000000      0xb1f
 .debug_loc     0x00000000      0x106 ./Static_Code/System/CPU_Init.o
 .debug_loc     0x00000106       0xd2 ./Sources/arm_print.o
 .debug_loc     0x000001d8      0x183 ./Sources/c_with_coawait.o
 .debug_loc     0x0000035b       0x63 ./Sources/llvm2.o
 .debug_loc     0x000003be       0x6a ./Project_Settings/Startup_Code/startup.o
 .debug_loc     0x00000428       0x75 ./Generated_Code/AD1.o
 .debug_loc     0x0000049d      0x178 ./Generated_Code/ASerialLdd1.o
 .debug_loc     0x00000615      0x156 ./Generated_Code/AdcLdd1.o
 .debug_loc     0x0000076b       0xb2 ./Generated_Code/BitIoLdd1.o
 .debug_loc     0x0000081d       0xa4 ./Generated_Code/Inhr1.o
 .debug_loc     0x000008c1       0x8a ./Generated_Code/PE_LDD.o
 .debug_loc     0x0000094b      0x1d4 ./Generated_Code/Term1.o

.debug_abbrev   0x00000000     0x10af
 .debug_abbrev  0x00000000      0x16e ./Static_Code/System/CPU_Init.o
 .debug_abbrev  0x0000016e       0xab ./Static_Code/System/Vectors.o
 .debug_abbrev  0x00000219       0x29 ./Sources/Events.o
 .debug_abbrev  0x00000242       0x8d ./Sources/arm_print.o
 .debug_abbrev  0x000002cf      0x1af ./Sources/c_with_coawait.o
 .debug_abbrev  0x0000047e      0x120 ./Sources/llvm2.o
 .debug_abbrev  0x0000059e       0x36 ./Sources/main.o
 .debug_abbrev  0x000005d4      0x101 ./Project_Settings/Startup_Code/startup.o
 .debug_abbrev  0x000006d5      0x14e ./Generated_Code/AD1.o
 .debug_abbrev  0x00000823      0x1c6 ./Generated_Code/ASerialLdd1.o
 .debug_abbrev  0x000009e9      0x19a ./Generated_Code/AdcLdd1.o
 .debug_abbrev  0x00000b83      0x154 ./Generated_Code/BitIoLdd1.o
 .debug_abbrev  0x00000cd7       0xb8 ./Generated_Code/Cpu.o
 .debug_abbrev  0x00000d8f      0x110 ./Generated_Code/Inhr1.o
 .debug_abbrev  0x00000e9f       0xe9 ./Generated_Code/PE_LDD.o
 .debug_abbrev  0x00000f88      0x127 ./Generated_Code/Term1.o

.debug_info     0x00000000     0x3de1
 .debug_info    0x00000000      0xa44 ./Static_Code/System/CPU_Init.o
 .debug_info    0x00000a44      0x79e ./Static_Code/System/Vectors.o
 .debug_info    0x000011e2       0x5a ./Sources/Events.o
 .debug_info    0x0000123c      0x15f ./Sources/arm_print.o
 .debug_info    0x0000139b      0x4e2 ./Sources/c_with_coawait.o
 .debug_info    0x0000187d      0x1df ./Sources/llvm2.o
 .debug_info    0x00001a5c       0x43 ./Sources/main.o
 .debug_info    0x00001a9f      0x30d ./Project_Settings/Startup_Code/startup.o
 .debug_info    0x00001dac      0x26a ./Generated_Code/AD1.o
 .debug_info    0x00002016      0x852 ./Generated_Code/ASerialLdd1.o
 .debug_info    0x00002868      0x7b8 ./Generated_Code/AdcLdd1.o
 .debug_info    0x00003020      0x49c ./Generated_Code/BitIoLdd1.o
 .debug_info    0x000034bc      0x2f5 ./Generated_Code/Cpu.o
 .debug_info    0x000037b1      0x1ba ./Generated_Code/Inhr1.o
 .debug_info    0x0000396b      0x1f8 ./Generated_Code/PE_LDD.o
 .debug_info    0x00003b63      0x27e ./Generated_Code/Term1.o

.debug_ranges   0x00000000      0x688
 .debug_ranges  0x00000000       0x30 ./Static_Code/System/CPU_Init.o
 .debug_ranges  0x00000030      0x330 ./Static_Code/System/Vectors.o
 .debug_ranges  0x00000360       0x20 ./Sources/Events.o
 .debug_ranges  0x00000380       0x28 ./Sources/arm_print.o
 .debug_ranges  0x000003a8       0x88 ./Sources/c_with_coawait.o
 .debug_ranges  0x00000430       0x30 ./Sources/llvm2.o
 .debug_ranges  0x00000460       0x40 ./Project_Settings/Startup_Code/startup.o
 .debug_ranges  0x000004a0       0x48 ./Generated_Code/AD1.o
 .debug_ranges  0x000004e8       0x48 ./Generated_Code/ASerialLdd1.o
 .debug_ranges  0x00000530       0x50 ./Generated_Code/AdcLdd1.o
 .debug_ranges  0x00000580       0x38 ./Generated_Code/BitIoLdd1.o
 .debug_ranges  0x000005b8       0x20 ./Generated_Code/Cpu.o
 .debug_ranges  0x000005d8       0x38 ./Generated_Code/Inhr1.o
 .debug_ranges  0x00000610       0x20 ./Generated_Code/PE_LDD.o
 .debug_ranges  0x00000630       0x58 ./Generated_Code/Term1.o

.debug_macinfo  0x00000000       0x10
 .debug_macinfo
                0x00000000        0x1 ./Static_Code/System/CPU_Init.o
 .debug_macinfo
                0x00000001        0x1 ./Static_Code/System/Vectors.o
 .debug_macinfo
                0x00000002        0x1 ./Sources/Events.o
 .debug_macinfo
                0x00000003        0x1 ./Sources/arm_print.o
 .debug_macinfo
                0x00000004        0x1 ./Sources/c_with_coawait.o
 .debug_macinfo
                0x00000005        0x1 ./Sources/llvm2.o
 .debug_macinfo
                0x00000006        0x1 ./Sources/main.o
 .debug_macinfo
                0x00000007        0x1 ./Project_Settings/Startup_Code/startup.o
 .debug_macinfo
                0x00000008        0x1 ./Generated_Code/AD1.o
 .debug_macinfo
                0x00000009        0x1 ./Generated_Code/ASerialLdd1.o
 .debug_macinfo
                0x0000000a        0x1 ./Generated_Code/AdcLdd1.o
 .debug_macinfo
                0x0000000b        0x1 ./Generated_Code/BitIoLdd1.o
 .debug_macinfo
                0x0000000c        0x1 ./Generated_Code/Cpu.o
 .debug_macinfo
                0x0000000d        0x1 ./Generated_Code/Inhr1.o
 .debug_macinfo
                0x0000000e        0x1 ./Generated_Code/PE_LDD.o
 .debug_macinfo
                0x0000000f        0x1 ./Generated_Code/Term1.o

.comment        0x00000000       0x1c
 .comment       0x00000000       0x1c ./Static_Code/System/CPU_Init.o
                                 0x1d (size before relaxing)
 .comment       0x0000001c       0x1d ./Static_Code/System/Vectors.o
 .comment       0x0000001c       0x1d ./Sources/Events.o
 .comment       0x0000001c       0x1d ./Sources/arm_print.o
 .comment       0x0000001c       0x1d ./Sources/c_with_coawait.o
 .comment       0x0000001c       0x1d ./Sources/llvm2.o
 .comment       0x0000001c       0x1d ./Sources/main.o
 .comment       0x0000001c       0x1d ./Project_Settings/Startup_Code/startup.o
 .comment       0x0000001c       0x1d ./Generated_Code/AD1.o
 .comment       0x0000001c       0x1d ./Generated_Code/ASerialLdd1.o
 .comment       0x0000001c       0x1d ./Generated_Code/AdcLdd1.o
 .comment       0x0000001c       0x1d ./Generated_Code/BitIoLdd1.o
 .comment       0x0000001c       0x1d ./Generated_Code/Cpu.o
 .comment       0x0000001c       0x1d ./Generated_Code/Inhr1.o
 .comment       0x0000001c       0x1d ./Generated_Code/PE_LDD.o
 .comment       0x0000001c       0x1d ./Generated_Code/Term1.o

.note.GNU-stack
                0x00000000        0x0
 .note.GNU-stack
                0x00000000        0x0 ./Static_Code/System/CPU_Init.o
 .note.GNU-stack
                0x00000000        0x0 ./Static_Code/System/Vectors.o
 .note.GNU-stack
                0x00000000        0x0 ./Sources/Events.o
 .note.GNU-stack
                0x00000000        0x0 ./Sources/arm_print.o
 .note.GNU-stack
                0x00000000        0x0 ./Sources/c_with_coawait.o
 .note.GNU-stack
                0x00000000        0x0 ./Sources/llvm2.o
 .note.GNU-stack
                0x00000000        0x0 ./Sources/main.o
 .note.GNU-stack
                0x00000000        0x0 ./Project_Settings/Startup_Code/startup.o
 .note.GNU-stack
                0x00000000        0x0 ./Generated_Code/AD1.o
 .note.GNU-stack
                0x00000000        0x0 ./Generated_Code/ASerialLdd1.o
 .note.GNU-stack
                0x00000000        0x0 ./Generated_Code/AdcLdd1.o
 .note.GNU-stack
                0x00000000        0x0 ./Generated_Code/BitIoLdd1.o
 .note.GNU-stack
                0x00000000        0x0 ./Generated_Code/Cpu.o
 .note.GNU-stack
                0x00000000        0x0 ./Generated_Code/Inhr1.o
 .note.GNU-stack
                0x00000000        0x0 ./Generated_Code/PE_LDD.o
 .note.GNU-stack
                0x00000000        0x0 ./Generated_Code/Term1.o

.debug_frame    0x00000000     0x1a88
 .debug_frame   0x00000000       0x9c ./Static_Code/System/CPU_Init.o
 .debug_frame   0x0000009c      0xcb4 ./Static_Code/System/Vectors.o
 .debug_frame   0x00000d50       0x44 ./Sources/Events.o
 .debug_frame   0x00000d94       0x94 ./Sources/arm_print.o
 .debug_frame   0x00000e28      0x184 ./Sources/c_with_coawait.o
 .debug_frame   0x00000fac       0x84 ./Sources/llvm2.o
 .debug_frame   0x00001030       0x30 ./Sources/main.o
 .debug_frame   0x00001060       0xac ./Project_Settings/Startup_Code/startup.o
 .debug_frame   0x0000110c       0xe4 ./Generated_Code/AD1.o
 .debug_frame   0x000011f0       0xa4 ./Generated_Code/ASerialLdd1.o
 .debug_frame   0x00001294       0xc4 ./Generated_Code/AdcLdd1.o
 .debug_frame   0x00001358       0x74 ./Generated_Code/BitIoLdd1.o
 .debug_frame   0x000013cc       0x60 ./Generated_Code/Cpu.o
 .debug_frame   0x0000142c       0xb8 ./Generated_Code/Inhr1.o
 .debug_frame   0x000014e4       0x50 ./Generated_Code/PE_LDD.o
 .debug_frame   0x00001534      0x14c ./Generated_Code/Term1.o
 .debug_frame   0x00001680       0x20 c:/program files (x86)/gnu tools arm embedded/6 2017-q2-update/bin/../lib/gcc/arm-none-eabi/6.3.1/../../../../arm-none-eabi/lib/thumb/v7e-m/fpv4-sp/hard\libg_nano.a(lib_a-aeabi_memclr.o)
 .debug_frame   0x000016a0       0x28 c:/program files (x86)/gnu tools arm embedded/6 2017-q2-update/bin/../lib/gcc/arm-none-eabi/6.3.1/../../../../arm-none-eabi/lib/thumb/v7e-m/fpv4-sp/hard\libg_nano.a(lib_a-exit.o)
 .debug_frame   0x000016c8       0x2c c:/program files (x86)/gnu tools arm embedded/6 2017-q2-update/bin/../lib/gcc/arm-none-eabi/6.3.1/../../../../arm-none-eabi/lib/thumb/v7e-m/fpv4-sp/hard\libg_nano.a(lib_a-init.o)
 .debug_frame   0x000016f4       0x20 c:/program files (x86)/gnu tools arm embedded/6 2017-q2-update/bin/../lib/gcc/arm-none-eabi/6.3.1/../../../../arm-none-eabi/lib/thumb/v7e-m/fpv4-sp/hard\libg_nano.a(lib_a-memset.o)
 .debug_frame   0x00001714       0x7c c:/program files (x86)/gnu tools arm embedded/6 2017-q2-update/bin/../lib/gcc/arm-none-eabi/6.3.1/../../../../arm-none-eabi/lib/thumb/v7e-m/fpv4-sp/hard\libg_nano.a(lib_a-snprintf.o)
 .debug_frame   0x00001790       0x90 c:/program files (x86)/gnu tools arm embedded/6 2017-q2-update/bin/../lib/gcc/arm-none-eabi/6.3.1/../../../../arm-none-eabi/lib/thumb/v7e-m/fpv4-sp/hard\libg_nano.a(lib_a-nano-svfprintf.o)
 .debug_frame   0x00001820       0x60 c:/program files (x86)/gnu tools arm embedded/6 2017-q2-update/bin/../lib/gcc/arm-none-eabi/6.3.1/../../../../arm-none-eabi/lib/thumb/v7e-m/fpv4-sp/hard\libg_nano.a(lib_a-nano-vfprintf_i.o)
 .debug_frame   0x00001880       0x28 c:/program files (x86)/gnu tools arm embedded/6 2017-q2-update/bin/../lib/gcc/arm-none-eabi/6.3.1/../../../../arm-none-eabi/lib/thumb/v7e-m/fpv4-sp/hard\libg_nano.a(lib_a-memcpy-stub.o)
 .debug_frame   0x000018a8       0x28 c:/program files (x86)/gnu tools arm embedded/6 2017-q2-update/bin/../lib/gcc/arm-none-eabi/6.3.1/../../../../arm-none-eabi/lib/thumb/v7e-m/fpv4-sp/hard\libg_nano.a(lib_a-memmove.o)
 .debug_frame   0x000018d0       0x38 c:/program files (x86)/gnu tools arm embedded/6 2017-q2-update/bin/../lib/gcc/arm-none-eabi/6.3.1/../../../../arm-none-eabi/lib/thumb/v7e-m/fpv4-sp/hard\libg_nano.a(lib_a-nano-freer.o)
 .debug_frame   0x00001908       0x2c c:/program files (x86)/gnu tools arm embedded/6 2017-q2-update/bin/../lib/gcc/arm-none-eabi/6.3.1/../../../../arm-none-eabi/lib/thumb/v7e-m/fpv4-sp/hard\libg_nano.a(lib_a-nano-mallocr.o)
 .debug_frame   0x00001934       0x3c c:/program files (x86)/gnu tools arm embedded/6 2017-q2-update/bin/../lib/gcc/arm-none-eabi/6.3.1/../../../../arm-none-eabi/lib/thumb/v7e-m/fpv4-sp/hard\libg_nano.a(lib_a-nano-reallocr.o)
 .debug_frame   0x00001970       0x2c c:/program files (x86)/gnu tools arm embedded/6 2017-q2-update/bin/../lib/gcc/arm-none-eabi/6.3.1/../../../../arm-none-eabi/lib/thumb/v7e-m/fpv4-sp/hard\libg_nano.a(lib_a-sbrkr.o)
 .debug_frame   0x0000199c       0x30 c:/program files (x86)/gnu tools arm embedded/6 2017-q2-update/bin/../lib/gcc/arm-none-eabi/6.3.1/../../../../arm-none-eabi/lib/thumb/v7e-m/fpv4-sp/hard\libg_nano.a(lib_a-mlock.o)
 .debug_frame   0x000019cc       0x20 c:/program files (x86)/gnu tools arm embedded/6 2017-q2-update/bin/../lib/gcc/arm-none-eabi/6.3.1/../../../../arm-none-eabi/lib/thumb/v7e-m/fpv4-sp/hard\libg_nano.a(lib_a-nano-msizer.o)
 .debug_frame   0x000019ec       0x5c c:/program files (x86)/gnu tools arm embedded/6 2017-q2-update/bin/../lib/gcc/arm-none-eabi/6.3.1/../../../../arm-none-eabi/lib/thumb/v7e-m/fpv4-sp/hard\libg_nano.a(lib_a-reent.o)
 .debug_frame   0x00001a48       0x20 c:/program files (x86)/gnu tools arm embedded/6 2017-q2-update/bin/../lib/gcc/arm-none-eabi/6.3.1/../../../../arm-none-eabi/lib/thumb/v7e-m/fpv4-sp/hard\libnosys.a(sbrk.o)
 .debug_frame   0x00001a68       0x20 c:/program files (x86)/gnu tools arm embedded/6 2017-q2-update/bin/../lib/gcc/arm-none-eabi/6.3.1/../../../../arm-none-eabi/lib/thumb/v7e-m/fpv4-sp/hard\libnosys.a(_exit.o)

.debug_line     0x00000000     0x2ebd
 .debug_line    0x00000000      0x4e4 ./Static_Code/System/CPU_Init.o
 .debug_line    0x000004e4      0xa64 ./Static_Code/System/Vectors.o
 .debug_line    0x00000f48       0x73 ./Sources/Events.o
 .debug_line    0x00000fbb       0xc5 ./Sources/arm_print.o
 .debug_line    0x00001080      0x343 ./Sources/c_with_coawait.o
 .debug_line    0x000013c3      0x1dd ./Sources/llvm2.o
 .debug_line    0x000015a0       0x4b ./Sources/main.o
 .debug_line    0x000015eb      0x29f ./Project_Settings/Startup_Code/startup.o
 .debug_line    0x0000188a      0x301 ./Generated_Code/AD1.o
 .debug_line    0x00001b8b      0x398 ./Generated_Code/ASerialLdd1.o
 .debug_line    0x00001f23      0x3a3 ./Generated_Code/AdcLdd1.o
 .debug_line    0x000022c6      0x276 ./Generated_Code/BitIoLdd1.o
 .debug_line    0x0000253c      0x1e1 ./Generated_Code/Cpu.o
 .debug_line    0x0000271d      0x271 ./Generated_Code/Inhr1.o
 .debug_line    0x0000298e      0x1d7 ./Generated_Code/PE_LDD.o
 .debug_line    0x00002b65      0x358 ./Generated_Code/Term1.o
