Archive member included to satisfy reference by file (symbol)

c:/program files (x86)/gnu tools arm embedded/6 2017-q2-update/bin/../lib/gcc/arm-none-eabi/6.3.1/../../../../arm-none-eabi/lib/thumb/v7e-m/fpv4-sp/hard\libg_nano.a(lib_a-aeabi_memset-soft.o)
                              ./Generated_Code/PE_LDD.o (__aeabi_memset)
c:/program files (x86)/gnu tools arm embedded/6 2017-q2-update/bin/../lib/gcc/arm-none-eabi/6.3.1/../../../../arm-none-eabi/lib/thumb/v7e-m/fpv4-sp/hard\libg_nano.a(lib_a-exit.o)
                              c:/program files (x86)/gnu tools arm embedded/6 2017-q2-update/bin/../lib/gcc/arm-none-eabi/6.3.1/../../../../arm-none-eabi/lib/thumb/v7e-m/fpv4-sp/hard/crt0.o (exit)
c:/program files (x86)/gnu tools arm embedded/6 2017-q2-update/bin/../lib/gcc/arm-none-eabi/6.3.1/../../../../arm-none-eabi/lib/thumb/v7e-m/fpv4-sp/hard\libg_nano.a(lib_a-impure.o)
                              c:/program files (x86)/gnu tools arm embedded/6 2017-q2-update/bin/../lib/gcc/arm-none-eabi/6.3.1/../../../../arm-none-eabi/lib/thumb/v7e-m/fpv4-sp/hard\libg_nano.a(lib_a-exit.o) (_global_impure_ptr)
c:/program files (x86)/gnu tools arm embedded/6 2017-q2-update/bin/../lib/gcc/arm-none-eabi/6.3.1/../../../../arm-none-eabi/lib/thumb/v7e-m/fpv4-sp/hard\libg_nano.a(lib_a-init.o)
                              c:/program files (x86)/gnu tools arm embedded/6 2017-q2-update/bin/../lib/gcc/arm-none-eabi/6.3.1/../../../../arm-none-eabi/lib/thumb/v7e-m/fpv4-sp/hard/crt0.o (__libc_init_array)
c:/program files (x86)/gnu tools arm embedded/6 2017-q2-update/bin/../lib/gcc/arm-none-eabi/6.3.1/../../../../arm-none-eabi/lib/thumb/v7e-m/fpv4-sp/hard\libg_nano.a(lib_a-malloc.o)
                              ./Sources/llvm2.o (malloc)
c:/program files (x86)/gnu tools arm embedded/6 2017-q2-update/bin/../lib/gcc/arm-none-eabi/6.3.1/../../../../arm-none-eabi/lib/thumb/v7e-m/fpv4-sp/hard\libg_nano.a(lib_a-memset.o)
                              c:/program files (x86)/gnu tools arm embedded/6 2017-q2-update/bin/../lib/gcc/arm-none-eabi/6.3.1/../../../../arm-none-eabi/lib/thumb/v7e-m/fpv4-sp/hard/crt0.o (memset)
c:/program files (x86)/gnu tools arm embedded/6 2017-q2-update/bin/../lib/gcc/arm-none-eabi/6.3.1/../../../../arm-none-eabi/lib/thumb/v7e-m/fpv4-sp/hard\libg_nano.a(lib_a-nano-freer.o)
                              c:/program files (x86)/gnu tools arm embedded/6 2017-q2-update/bin/../lib/gcc/arm-none-eabi/6.3.1/../../../../arm-none-eabi/lib/thumb/v7e-m/fpv4-sp/hard\libg_nano.a(lib_a-malloc.o) (_free_r)
c:/program files (x86)/gnu tools arm embedded/6 2017-q2-update/bin/../lib/gcc/arm-none-eabi/6.3.1/../../../../arm-none-eabi/lib/thumb/v7e-m/fpv4-sp/hard\libg_nano.a(lib_a-nano-mallocr.o)
                              c:/program files (x86)/gnu tools arm embedded/6 2017-q2-update/bin/../lib/gcc/arm-none-eabi/6.3.1/../../../../arm-none-eabi/lib/thumb/v7e-m/fpv4-sp/hard\libg_nano.a(lib_a-malloc.o) (_malloc_r)
c:/program files (x86)/gnu tools arm embedded/6 2017-q2-update/bin/../lib/gcc/arm-none-eabi/6.3.1/../../../../arm-none-eabi/lib/thumb/v7e-m/fpv4-sp/hard\libg_nano.a(lib_a-sbrkr.o)
                              c:/program files (x86)/gnu tools arm embedded/6 2017-q2-update/bin/../lib/gcc/arm-none-eabi/6.3.1/../../../../arm-none-eabi/lib/thumb/v7e-m/fpv4-sp/hard\libg_nano.a(lib_a-nano-mallocr.o) (_sbrk_r)
c:/program files (x86)/gnu tools arm embedded/6 2017-q2-update/bin/../lib/gcc/arm-none-eabi/6.3.1/../../../../arm-none-eabi/lib/thumb/v7e-m/fpv4-sp/hard\libg_nano.a(lib_a-snprintf.o)
                              ./Sources/arm_print.o (snprintf)
c:/program files (x86)/gnu tools arm embedded/6 2017-q2-update/bin/../lib/gcc/arm-none-eabi/6.3.1/../../../../arm-none-eabi/lib/thumb/v7e-m/fpv4-sp/hard\libg_nano.a(lib_a-mlock.o)
                              c:/program files (x86)/gnu tools arm embedded/6 2017-q2-update/bin/../lib/gcc/arm-none-eabi/6.3.1/../../../../arm-none-eabi/lib/thumb/v7e-m/fpv4-sp/hard\libg_nano.a(lib_a-nano-freer.o) (__malloc_lock)
c:/program files (x86)/gnu tools arm embedded/6 2017-q2-update/bin/../lib/gcc/arm-none-eabi/6.3.1/../../../../arm-none-eabi/lib/thumb/v7e-m/fpv4-sp/hard\libg_nano.a(lib_a-nano-svfprintf.o)
                              c:/program files (x86)/gnu tools arm embedded/6 2017-q2-update/bin/../lib/gcc/arm-none-eabi/6.3.1/../../../../arm-none-eabi/lib/thumb/v7e-m/fpv4-sp/hard\libg_nano.a(lib_a-snprintf.o) (_svfprintf_r)
c:/program files (x86)/gnu tools arm embedded/6 2017-q2-update/bin/../lib/gcc/arm-none-eabi/6.3.1/../../../../arm-none-eabi/lib/thumb/v7e-m/fpv4-sp/hard\libg_nano.a(lib_a-nano-vfprintf_i.o)
                              c:/program files (x86)/gnu tools arm embedded/6 2017-q2-update/bin/../lib/gcc/arm-none-eabi/6.3.1/../../../../arm-none-eabi/lib/thumb/v7e-m/fpv4-sp/hard\libg_nano.a(lib_a-nano-svfprintf.o) (_printf_i)
[...]
Memory Configuration

Name             Origin             Length             Attributes
m_interrupts     0x00000000         0x00000198         xr
m_text           0x00000410         0x0007fbf0         xr
m_data           0x1fff0000         0x00010000         rw
m_data_20000000  0x20000000         0x00010000         rw
m_cfmprotrom     0x00000400         0x00000010         xr
*default*        0x00000000         0xffffffff

Linker script and memory map

LOAD c:/program files (x86)/gnu tools arm embedded/6 2017-q2-update/bin/../lib/gcc/arm-none-eabi/6.3.1/thumb/v7e-m/fpv4-sp/hard/crti.o
LOAD c:/program files (x86)/gnu tools arm embedded/6 2017-q2-update/bin/../lib/gcc/arm-none-eabi/6.3.1/thumb/v7e-m/fpv4-sp/hard/crtbegin.o
LOAD c:/program files (x86)/gnu tools arm embedded/6 2017-q2-update/bin/../lib/gcc/arm-none-eabi/6.3.1/../../../../arm-none-eabi/lib/thumb/v7e-m/fpv4-sp/hard/crt0.o
LOAD ./Static_Code/System/CPU_Init.o
LOAD ./Static_Code/System/Peripherals_Init.o
LOAD ./Static_Code/System/Vectors.o
LOAD ./Sources/Events.o
LOAD ./Sources/arm_print.o
LOAD ./Sources/c_with_coawait.o
LOAD ./Sources/llvm.o
LOAD ./Sources/llvm2.o
LOAD ./Sources/main.o
LOAD ./Project_Settings/Startup_Code/startup.o
LOAD ./Generated_Code/AD1.o
LOAD ./Generated_Code/ASerialLdd1.o
LOAD ./Generated_Code/AdcLdd1.o
LOAD ./Generated_Code/Bit1.o
LOAD ./Generated_Code/BitIoLdd1.o
LOAD ./Generated_Code/Cpu.o
LOAD ./Generated_Code/Inhr1.o
LOAD ./Generated_Code/PE_LDD.o
LOAD ./Generated_Code/Term1.o
LOAD ./Generated_Code/pin_mux.o
LOAD c:/program files (x86)/gnu tools arm embedded/6 2017-q2-update/bin/../lib/gcc/arm-none-eabi/6.3.1/../../../../arm-none-eabi/lib/thumb/v7e-m/fpv4-sp/hard\libstdc++_nano.a
LOAD c:/program files (x86)/gnu tools arm embedded/6 2017-q2-update/bin/../lib/gcc/arm-none-eabi/6.3.1/../../../../arm-none-eabi/lib/thumb/v7e-m/fpv4-sp/hard\libm.a
START GROUP
LOAD c:/program files (x86)/gnu tools arm embedded/6 2017-q2-update/bin/../lib/gcc/arm-none-eabi/6.3.1/thumb/v7e-m/fpv4-sp/hard\libgcc.a
LOAD c:/program files (x86)/gnu tools arm embedded/6 2017-q2-update/bin/../lib/gcc/arm-none-eabi/6.3.1/../../../../arm-none-eabi/lib/thumb/v7e-m/fpv4-sp/hard\libg_nano.a
LOAD c:/program files (x86)/gnu tools arm embedded/6 2017-q2-update/bin/../lib/gcc/arm-none-eabi/6.3.1/../../../../arm-none-eabi/lib/thumb/v7e-m/fpv4-sp/hard\libc_nano.a
END GROUP
START GROUP
LOAD c:/program files (x86)/gnu tools arm embedded/6 2017-q2-update/bin/../lib/gcc/arm-none-eabi/6.3.1/thumb/v7e-m/fpv4-sp/hard\libgcc.a
LOAD c:/program files (x86)/gnu tools arm embedded/6 2017-q2-update/bin/../lib/gcc/arm-none-eabi/6.3.1/../../../../arm-none-eabi/lib/thumb/v7e-m/fpv4-sp/hard\libc_nano.a
LOAD c:/program files (x86)/gnu tools arm embedded/6 2017-q2-update/bin/../lib/gcc/arm-none-eabi/6.3.1/../../../../arm-none-eabi/lib/thumb/v7e-m/fpv4-sp/hard\libnosys.a
END GROUP
START GROUP
LOAD c:/program files (x86)/gnu tools arm embedded/6 2017-q2-update/bin/../lib/gcc/arm-none-eabi/6.3.1/thumb/v7e-m/fpv4-sp/hard\libgcc.a
LOAD c:/program files (x86)/gnu tools arm embedded/6 2017-q2-update/bin/../lib/gcc/arm-none-eabi/6.3.1/../../../../arm-none-eabi/lib/thumb/v7e-m/fpv4-sp/hard\libc_nano.a
LOAD c:/program files (x86)/gnu tools arm embedded/6 2017-q2-update/bin/../lib/gcc/arm-none-eabi/6.3.1/../../../../arm-none-eabi/lib/thumb/v7e-m/fpv4-sp/hard\libnosys.a
END GROUP
LOAD c:/program files (x86)/gnu tools arm embedded/6 2017-q2-update/bin/../lib/gcc/arm-none-eabi/6.3.1/thumb/v7e-m/fpv4-sp/hard/crtend.o
LOAD c:/program files (x86)/gnu tools arm embedded/6 2017-q2-update/bin/../lib/gcc/arm-none-eabi/6.3.1/thumb/v7e-m/fpv4-sp/hard/crtn.o
                0x20000000                _estack = 0x20000000
                0x20000000                __SP_INIT = _estack
                0x20000000                __stack = _estack
                0x00000000                __heap_size = 0x0
                0x00000400                __stack_size = 0x400

.interrupts     0x00000000      0x198
                0x00000000                __vector_table = .
                0x00000000                . = ALIGN (0x4)
 *(.vectortable)
 .vectortable   0x00000000      0x198 ./Static_Code/System/Vectors.o
                0x00000000                __vect_table
                0x00000198                . = ALIGN (0x4)

.cfmprotect     0x00000400        0x0
                0x00000400                . = ALIGN (0x4)
 *(.cfmconfig)
                0x00000400                . = ALIGN (0x4)

.text           0x00000410     0x20b4
                0x00000410                . = ALIGN (0x4)
 *(.text)
 .text          0x00000410       0x6c c:/program files (x86)/gnu tools arm embedded/6 2017-q2-update/bin/../lib/gcc/arm-none-eabi/6.3.1/thumb/v7e-m/fpv4-sp/hard/crtbegin.o
 .text          0x0000047c       0x74 c:/program files (x86)/gnu tools arm embedded/6 2017-q2-update/bin/../lib/gcc/arm-none-eabi/6.3.1/../../../../arm-none-eabi/lib/thumb/v7e-m/fpv4-sp/hard/crt0.o
                0x0000047c                _start
                0x0000047c                _mainCRTStartup
 .text          0x000004f0       0xa0 c:/program files (x86)/gnu tools arm embedded/6 2017-q2-update/bin/../lib/gcc/arm-none-eabi/6.3.1/../../../../arm-none-eabi/lib/thumb/v7e-m/fpv4-sp/hard\libg_nano.a(lib_a-memchr.o)
                0x000004f0                memchr
 *(.text*)
 .text.CPU_SetBASEPRI
                0x00000590        0x6 ./Static_Code/System/CPU_Init.o
                0x00000590                CPU_SetBASEPRI
 .text.__init_hardware
                0x00000596       0xa2 ./Static_Code/System/CPU_Init.o
                0x00000596                __init_hardware
 .text.CPU_SetClockConfigGenMode
                0x00000638      0x362 ./Static_Code/System/CPU_Init.o
                0x00000638                CPU_SetClockConfigGenMode
 .text.PE_low_level_init
                0x0000099a       0x40 ./Static_Code/System/CPU_Init.o
                0x0000099a                PE_low_level_init
 .text.CPU_GetClockGenMode
                0x000009da       0x5c ./Static_Code/System/CPU_Init.o
                0x000009da                CPU_GetClockGenMode
 .text.CPU_GetClockConfiguration
                0x00000a36        0xc ./Static_Code/System/CPU_Init.o
                0x00000a36                CPU_GetClockConfiguration
 .text.UnhandledInterrupt
                0x00000a42       0x16 ./Static_Code/System/Vectors.o
                0x00000a42                UnhandledInterrupt
 .text.Cpu_OnNMI
                0x00000a58        0x2 ./Sources/Events.o
                0x00000a58                Cpu_OnNMI
 .text.AD1_OnEnd
                0x00000a5a        0x4 ./Sources/Events.o
                0x00000a5a                AD1_OnEnd
 .text.AD1_OnCalibrationEnd
                0x00000a5e        0xe ./Sources/Events.o
                0x00000a5e                AD1_OnCalibrationEnd
 .text._Z9print_bufPKc
                0x00000a6c       0x1e ./Sources/arm_print.o
                0x00000a6c                print_buf(char const*)
 .text._Z9print_ptrPKcPv
                0x00000a8a       0x20 ./Sources/arm_print.o
                0x00000a8a                print_ptr(char const*, void*)
 .text._Z10print_sizePKcj
                0x00000aaa       0x20 ./Sources/arm_print.o
                0x00000aaa                print_size(char const*, unsigned int)
 .text._Z9print_intPKci
                0x00000aca       0x20 ./Sources/arm_print.o
                0x00000aca                print_int(char const*, int)
 .text._Z11co_resolvedPa
                0x00000aea       0x22 ./Sources/c_with_coawait.o
                0x00000aea                co_resolved(signed char*)
 .text._Z13co_promise_fnPa
                0x00000b0c       0x1c ./Sources/c_with_coawait.o
                0x00000b0c                co_promise_fn(signed char*)
 .text._Z18co_resolve_promisePa
                0x00000b28        0x6 ./Sources/c_with_coawait.o
                0x00000b28                co_resolve_promise(signed char*)
 .text._Z20_co_initialise_framePa
                0x00000b2e        0x8 ./Sources/c_with_coawait.o
                0x00000b2e                _co_initialise_frame(signed char*)
 .text._Z8read_adcPa
                0x00000b36       0xbe ./Sources/c_with_coawait.o
                0x00000b36                read_adc(signed char*)
 .text.ADC_ISR  0x00000bf4       0x50 ./Sources/c_with_coawait.o
                0x00000bf4                ADC_ISR
 .text._Z9schedulerv
                0x00000c44       0x4a ./Sources/c_with_coawait.o
                0x00000c44                scheduler()
 *fill*         0x00000c8e        0x2 
 .text.inner_main
                0x00000c90       0x16 ./Sources/c_with_coawait.o
                0x00000c90                inner_main
 .text._Z8read_adcPa.resume
                0x00000ca6       0x1a ./Sources/c_with_coawait.o
 .text._Z8read_adcPa.destroy
                0x00000cc0        0xc ./Sources/c_with_coawait.o
 .text._Z2f1i   0x00000ccc       0x3a ./Sources/llvm2.o
                0x00000ccc                f1(int)
 *fill*         0x00000d06        0x2 
 .text.mymain   0x00000d08       0x22 ./Sources/llvm2.o
                0x00000d08                mymain
 *fill*         0x00000d2a        0x2 
 .text._Z2f1i.resume
                0x00000d2c       0x56 ./Sources/llvm2.o
 .text._Z2f1i.destroy
                0x00000d82        0x2 ./Sources/llvm2.o
 .text.main     0x00000d84       0x12 ./Sources/main.o
                0x00000d84                main
 *fill*         0x00000d96        0x2 
 .text.__copy_rom_section
                0x00000d98       0x5a ./Project_Settings/Startup_Code/startup.o
                0x00000d98                __copy_rom_section
 *fill*         0x00000df2        0x2 
 .text.__copy_rom_sections_to_ram
                0x00000df4       0x36 ./Project_Settings/Startup_Code/startup.o
                0x00000df4                __copy_rom_sections_to_ram
 .text.__init_registers
                0x00000e2a       0x12 ./Project_Settings/Startup_Code/startup.o
                0x00000e2a                __init_registers
 .text.__init_user
                0x00000e3c        0x2 ./Project_Settings/Startup_Code/startup.o
                0x00000e3c                __init_user
 *fill*         0x00000e3e        0x2 
 .text.__thumb_startup
                0x00000e40       0x3a ./Project_Settings/Startup_Code/startup.o
                0x00000e40                __thumb_startup
 .text.AD1_HWEnDi
                0x00000e7a       0x60 ./Generated_Code/AD1.o
                0x00000e7a                AD1_HWEnDi
 *fill*         0x00000eda        0x2 
 .text.AD1_Measure
                0x00000edc       0x3e ./Generated_Code/AD1.o
                0x00000edc                AD1_Measure
 .text.AD1_GetValue16
                0x00000f1a       0x34 ./Generated_Code/AD1.o
                0x00000f1a                AD1_GetValue16
 *fill*         0x00000f4e        0x2 
 .text.AD1_Calibrate
                0x00000f50       0x7a ./Generated_Code/AD1.o
                0x00000f50                AD1_Calibrate
 .text.AdcLdd1_OnMeasurementComplete
                0x00000fca       0x58 ./Generated_Code/AD1.o
                0x00000fca                AdcLdd1_OnMeasurementComplete
 .text.AD1_Init
                0x00001022       0x38 ./Generated_Code/AD1.o
                0x00001022                AD1_Init
 .text.ASerialLdd1_Init
                0x0000105a       0x9c ./Generated_Code/ASerialLdd1.o
                0x0000105a                ASerialLdd1_Init
 .text.ASerialLdd1_SetClockConfiguration
                0x000010f6       0x30 ./Generated_Code/ASerialLdd1.o
                0x000010f6                ASerialLdd1_SetClockConfiguration
 .text.ASerialLdd1_Enable
                0x00001126       0x24 ./Generated_Code/ASerialLdd1.o
                0x00001126                ASerialLdd1_Enable
 .text.HWEnDi   0x0000114a       0x44 ./Generated_Code/ASerialLdd1.o
 .text.ASerialLdd1_Disable
                0x0000118e       0x1e ./Generated_Code/ASerialLdd1.o
                0x0000118e                ASerialLdd1_Disable
 .text.ASerialLdd1_SendBlock
                0x000011ac       0x3a ./Generated_Code/ASerialLdd1.o
                0x000011ac                ASerialLdd1_SendBlock
 .text.ASerialLdd1_Main
                0x000011e6       0x82 ./Generated_Code/ASerialLdd1.o
                0x000011e6                ASerialLdd1_Main
 .text.InterruptRx
                0x00001268       0x2e ./Generated_Code/ASerialLdd1.o
 .text.InterruptTx
                0x00001296       0x3e ./Generated_Code/ASerialLdd1.o
 .text.AdcLdd1_Init
                0x000012d4       0x8a ./Generated_Code/AdcLdd1.o
                0x000012d4                AdcLdd1_Init
 .text.AdcLdd1_SetClockConfiguration
                0x0000135e       0x30 ./Generated_Code/AdcLdd1.o
                0x0000135e                AdcLdd1_SetClockConfiguration
 .text.AdcLdd1_StartSingleMeasurement
                0x0000138e       0x36 ./Generated_Code/AdcLdd1.o
                0x0000138e                AdcLdd1_StartSingleMeasurement
 .text.AdcLdd1_CancelMeasurement
                0x000013c4       0x24 ./Generated_Code/AdcLdd1.o
                0x000013c4                AdcLdd1_CancelMeasurement
 .text.AdcLdd1_CreateSampleGroup
                0x000013e8       0x36 ./Generated_Code/AdcLdd1.o
                0x000013e8                AdcLdd1_CreateSampleGroup
 *fill*         0x0000141e        0x2 
 .text.AdcLdd1_GetMeasuredValues
                0x00001420       0x2e ./Generated_Code/AdcLdd1.o
                0x00001420                AdcLdd1_GetMeasuredValues
 .text.AdcLdd1_GetMeasurementCompleteStatus
                0x0000144e       0x58 ./Generated_Code/AdcLdd1.o
                0x0000144e                AdcLdd1_GetMeasurementCompleteStatus
 .text.AdcLdd1_StartCalibration
                0x000014a6       0x38 ./Generated_Code/AdcLdd1.o
                0x000014a6                AdcLdd1_StartCalibration
 .text.AdcLdd1_GetCalibrationResultStatus
                0x000014de       0x52 ./Generated_Code/AdcLdd1.o
                0x000014de                AdcLdd1_GetCalibrationResultStatus
 .text.AdcLdd1_MeasurementCompleteInterrupt
                0x00001530       0x30 ./Generated_Code/AdcLdd1.o
                0x00001530                AdcLdd1_MeasurementCompleteInterrupt
 .text.BitIoLdd1_Init
                0x00001560       0x5a ./Generated_Code/BitIoLdd1.o
                0x00001560                BitIoLdd1_Init
 .text.BitIoLdd1_PutVal
                0x000015ba       0x16 ./Generated_Code/BitIoLdd1.o
                0x000015ba                BitIoLdd1_PutVal
 .text.Common_Init
                0x000015d0       0x52 ./Generated_Code/Cpu.o
                0x000015d0                Common_Init
 .text.Components_Init
                0x00001622       0x16 ./Generated_Code/Cpu.o
                0x00001622                Components_Init
 .text.Cpu_INT_NMIInterrupt
                0x00001638       0x18 ./Generated_Code/Cpu.o
                0x00001638                Cpu_INT_NMIInterrupt
 .text.Inhr1_SendChar
                0x00001650       0x64 ./Generated_Code/Inhr1.o
                0x00001650                Inhr1_SendChar
 .text.Inhr1_Init
                0x000016b4       0x34 ./Generated_Code/Inhr1.o
                0x000016b4                Inhr1_Init
 .text.HWEnDi   0x000016e8       0x28 ./Generated_Code/Inhr1.o
 .text.ASerialLdd1_OnBreak
                0x00001710       0x12 ./Generated_Code/Inhr1.o
                0x00001710                ASerialLdd1_OnBreak
 *fill*         0x00001722        0x2 
 .text.Term1_SendStr
                0x00001724       0x24 ./Generated_Code/Term1.o
                0x00001724                Term1_SendStr
 .text.exit     0x00001748       0x28 c:/program files (x86)/gnu tools arm embedded/6 2017-q2-update/bin/../lib/gcc/arm-none-eabi/6.3.1/../../../../arm-none-eabi/lib/thumb/v7e-m/fpv4-sp/hard\libg_nano.a(lib_a-exit.o)
                0x00001748                exit
 .text.__libc_init_array
                0x00001770       0x48 c:/program files (x86)/gnu tools arm embedded/6 2017-q2-update/bin/../lib/gcc/arm-none-eabi/6.3.1/../../../../arm-none-eabi/lib/thumb/v7e-m/fpv4-sp/hard\libg_nano.a(lib_a-init.o)
                0x00001770                __libc_init_array
 .text.malloc   0x000017b8       0x10 c:/program files (x86)/gnu tools arm embedded/6 2017-q2-update/bin/../lib/gcc/arm-none-eabi/6.3.1/../../../../arm-none-eabi/lib/thumb/v7e-m/fpv4-sp/hard\libg_nano.a(lib_a-malloc.o)
                0x000017b8                malloc
 .text.memset   0x000017c8       0x10 c:/program files (x86)/gnu tools arm embedded/6 2017-q2-update/bin/../lib/gcc/arm-none-eabi/6.3.1/../../../../arm-none-eabi/lib/thumb/v7e-m/fpv4-sp/hard\libg_nano.a(lib_a-memset.o)
                0x000017c8                memset
 .text._free_r  0x000017d8       0x9c c:/program files (x86)/gnu tools arm embedded/6 2017-q2-update/bin/../lib/gcc/arm-none-eabi/6.3.1/../../../../arm-none-eabi/lib/thumb/v7e-m/fpv4-sp/hard\libg_nano.a(lib_a-nano-freer.o)
                0x000017d8                _free_r
 .text._malloc_r
                0x00001874       0xbc c:/program files (x86)/gnu tools arm embedded/6 2017-q2-update/bin/../lib/gcc/arm-none-eabi/6.3.1/../../../../arm-none-eabi/lib/thumb/v7e-m/fpv4-sp/hard\libg_nano.a(lib_a-nano-mallocr.o)
                0x00001874                _malloc_r
 .text._sbrk_r  0x00001930       0x20 c:/program files (x86)/gnu tools arm embedded/6 2017-q2-update/bin/../lib/gcc/arm-none-eabi/6.3.1/../../../../arm-none-eabi/lib/thumb/v7e-m/fpv4-sp/hard\libg_nano.a(lib_a-sbrkr.o)
                0x00001930                _sbrk_r
 .text.snprintf
                0x00001950       0x68 c:/program files (x86)/gnu tools arm embedded/6 2017-q2-update/bin/../lib/gcc/arm-none-eabi/6.3.1/../../../../arm-none-eabi/lib/thumb/v7e-m/fpv4-sp/hard\libg_nano.a(lib_a-snprintf.o)
                0x00001950                sniprintf
                0x00001950                snprintf
 .text.__malloc_lock
                0x000019b8        0x2 c:/program files (x86)/gnu tools arm embedded/6 2017-q2-update/bin/../lib/gcc/arm-none-eabi/6.3.1/../../../../arm-none-eabi/lib/thumb/v7e-m/fpv4-sp/hard\libg_nano.a(lib_a-mlock.o)
                0x000019b8                __malloc_lock
 .text.__malloc_unlock
                0x000019ba        0x2 c:/program files (x86)/gnu tools arm embedded/6 2017-q2-update/bin/../lib/gcc/arm-none-eabi/6.3.1/../../../../arm-none-eabi/lib/thumb/v7e-m/fpv4-sp/hard\libg_nano.a(lib_a-mlock.o)
                0x000019ba                __malloc_unlock
 .text.__ssputs_r
                0x000019bc       0xb6 c:/program files (x86)/gnu tools arm embedded/6 2017-q2-update/bin/../lib/gcc/arm-none-eabi/6.3.1/../../../../arm-none-eabi/lib/thumb/v7e-m/fpv4-sp/hard\libg_nano.a(lib_a-nano-svfprintf.o)
                0x000019bc                __ssputs_r
 *fill*         0x00001a72        0x2 
 .text._svfprintf_r
                0x00001a74      0x1e8 c:/program files (x86)/gnu tools arm embedded/6 2017-q2-update/bin/../lib/gcc/arm-none-eabi/6.3.1/../../../../arm-none-eabi/lib/thumb/v7e-m/fpv4-sp/hard\libg_nano.a(lib_a-nano-svfprintf.o)
                0x00001a74                _svfiprintf_r
                0x00001a74                _svfprintf_r
 .text._printf_common
                0x00001c5c       0xec c:/program files (x86)/gnu tools arm embedded/6 2017-q2-update/bin/../lib/gcc/arm-none-eabi/6.3.1/../../../../arm-none-eabi/lib/thumb/v7e-m/fpv4-sp/hard\libg_nano.a(lib_a-nano-vfprintf_i.o)
                0x00001c5c                _printf_common
 .text._printf_i
                0x00001d48      0x240 c:/program files (x86)/gnu tools arm embedded/6 2017-q2-update/bin/../lib/gcc/arm-none-eabi/6.3.1/../../../../arm-none-eabi/lib/thumb/v7e-m/fpv4-sp/hard\libg_nano.a(lib_a-nano-vfprintf_i.o)
                0x00001d48                _printf_i
 .text.memcpy   0x00001f88       0x16 c:/program files (x86)/gnu tools arm embedded/6 2017-q2-update/bin/../lib/gcc/arm-none-eabi/6.3.1/../../../../arm-none-eabi/lib/thumb/v7e-m/fpv4-sp/hard\libg_nano.a(lib_a-memcpy-stub.o)
                0x00001f88                memcpy
 .text.memmove  0x00001f9e       0x34 c:/program files (x86)/gnu tools arm embedded/6 2017-q2-update/bin/../lib/gcc/arm-none-eabi/6.3.1/../../../../arm-none-eabi/lib/thumb/v7e-m/fpv4-sp/hard\libg_nano.a(lib_a-memmove.o)
                0x00001f9e                memmove
 .text._realloc_r
                0x00001fd2       0x4c c:/program files (x86)/gnu tools arm embedded/6 2017-q2-update/bin/../lib/gcc/arm-none-eabi/6.3.1/../../../../arm-none-eabi/lib/thumb/v7e-m/fpv4-sp/hard\libg_nano.a(lib_a-nano-reallocr.o)
                0x00001fd2                _realloc_r
 .text._malloc_usable_size_r
                0x0000201e       0x12 c:/program files (x86)/gnu tools arm embedded/6 2017-q2-update/bin/../lib/gcc/arm-none-eabi/6.3.1/../../../../arm-none-eabi/lib/thumb/v7e-m/fpv4-sp/hard\libg_nano.a(lib_a-nano-msizer.o)
                0x0000201e                _malloc_usable_size_r
 .text._sbrk    0x00002030       0x1c c:/program files (x86)/gnu tools arm embedded/6 2017-q2-update/bin/../lib/gcc/arm-none-eabi/6.3.1/../../../../arm-none-eabi/lib/thumb/v7e-m/fpv4-sp/hard\libnosys.a(sbrk.o)
                0x00002030                _sbrk
 .text._exit    0x0000204c        0x4 c:/program files (x86)/gnu tools arm embedded/6 2017-q2-update/bin/../lib/gcc/arm-none-eabi/6.3.1/../../../../arm-none-eabi/lib/thumb/v7e-m/fpv4-sp/hard\libnosys.a(_exit.o)
                0x0000204c                _exit
 *(.rodata)
 *(.rodata*)
 .rodata.CPU_ClockConfigDescriptors
                0x00002050       0x8c ./Static_Code/System/CPU_Init.o
 .rodata.ClockGenModeMatrix
                0x000020dc       0x80 ./Static_Code/System/CPU_Init.o
 .rodata.CPU_ClockGenModeRegs
                0x0000215c       0x20 ./Static_Code/System/CPU_Init.o
 .rodata.CPU_DefaultFEI
                0x0000217c        0x8 ./Static_Code/System/CPU_Init.o
 .rodata.CPU_DefaultFBI
                0x00002184        0x8 ./Static_Code/System/CPU_Init.o
 .rodata.CPU_DefaultBLPI
                0x0000218c        0x8 ./Static_Code/System/CPU_Init.o
 .rodata.CPU_DefaultFEE
                0x00002194        0x8 ./Static_Code/System/CPU_Init.o
 .rodata.CPU_DefaultFBE
                0x0000219c        0x8 ./Static_Code/System/CPU_Init.o
 .rodata.CPU_DefaultBLPE
                0x000021a4        0x8 ./Static_Code/System/CPU_Init.o
 .rodata.CPU_DefaultPBE
                0x000021ac        0x8 ./Static_Code/System/CPU_Init.o
 .rodata.CPU_DefaultPEE
                0x000021b4        0x8 ./Static_Code/System/CPU_Init.o
 .rodata.str1.1
                0x000021bc      0x2ad ./Sources/c_with_coawait.o
 .rodata.str1.1
                0x00002469        0x8 ./Sources/llvm2.o
 *fill*         0x00002471        0x3 
 .rodata._global_impure_ptr
                0x00002474        0x4 c:/program files (x86)/gnu tools arm embedded/6 2017-q2-update/bin/../lib/gcc/arm-none-eabi/6.3.1/../../../../arm-none-eabi/lib/thumb/v7e-m/fpv4-sp/hard\libg_nano.a(lib_a-impure.o)
                0x00002474                _global_impure_ptr
 .rodata._svfprintf_r.str1.1
                0x00002478       0x11 c:/program files (x86)/gnu tools arm embedded/6 2017-q2-update/bin/../lib/gcc/arm-none-eabi/6.3.1/../../../../arm-none-eabi/lib/thumb/v7e-m/fpv4-sp/hard\libg_nano.a(lib_a-nano-svfprintf.o)
 .rodata._printf_i.str1.1
                0x00002489       0x22 c:/program files (x86)/gnu tools arm embedded/6 2017-q2-update/bin/../lib/gcc/arm-none-eabi/6.3.1/../../../../arm-none-eabi/lib/thumb/v7e-m/fpv4-sp/hard\libg_nano.a(lib_a-nano-vfprintf_i.o)
 *(.glue_7)
 .glue_7        0x000024ab        0x0 linker stubs
 *(.glue_7t)
 .glue_7t       0x000024ab        0x0 linker stubs
 *(.eh_frame)
 *fill*         0x000024ab        0x1 
 .eh_frame      0x000024ac        0x0 c:/program files (x86)/gnu tools arm embedded/6 2017-q2-update/bin/../lib/gcc/arm-none-eabi/6.3.1/thumb/v7e-m/fpv4-sp/hard/crtbegin.o
 *(.init)
 .init          0x000024ac        0x4 c:/program files (x86)/gnu tools arm embedded/6 2017-q2-update/bin/../lib/gcc/arm-none-eabi/6.3.1/thumb/v7e-m/fpv4-sp/hard/crti.o
                0x000024ac                _init
 .init          0x000024b0        0x8 c:/program files (x86)/gnu tools arm embedded/6 2017-q2-update/bin/../lib/gcc/arm-none-eabi/6.3.1/thumb/v7e-m/fpv4-sp/hard/crtn.o
 *(.fini)
 .fini          0x000024b8        0x4 c:/program files (x86)/gnu tools arm embedded/6 2017-q2-update/bin/../lib/gcc/arm-none-eabi/6.3.1/thumb/v7e-m/fpv4-sp/hard/crti.o
                0x000024b8                _fini
 .fini          0x000024bc        0x8 c:/program files (x86)/gnu tools arm embedded/6 2017-q2-update/bin/../lib/gcc/arm-none-eabi/6.3.1/thumb/v7e-m/fpv4-sp/hard/crtn.o
                0x000024c4                . = ALIGN (0x4)
                0x000024c4                _etext = .

.vfp11_veneer   0x000024c4        0x0
 .vfp11_veneer  0x000024c4        0x0 linker stubs

.v4_bx          0x000024c4        0x0
 .v4_bx         0x000024c4        0x0 linker stubs

.iplt           0x000024c4        0x0
 .iplt          0x000024c4        0x0 c:/program files (x86)/gnu tools arm embedded/6 2017-q2-update/bin/../lib/gcc/arm-none-eabi/6.3.1/thumb/v7e-m/fpv4-sp/hard/crtbegin.o

.ARM.extab
 *(.ARM.extab* .gnu.linkonce.armextab.*)

.ARM            0x000024c4        0x8
                0x000024c4                __exidx_start = .
 *(.ARM.exidx*)
 .ARM.exidx     0x000024c4        0x8 c:/program files (x86)/gnu tools arm embedded/6 2017-q2-update/bin/../lib/gcc/arm-none-eabi/6.3.1/../../../../arm-none-eabi/lib/thumb/v7e-m/fpv4-sp/hard/crt0.o
 .ARM.exidx.text.CPU_SetBASEPRI
                0x000024cc        0x0 ./Static_Code/System/CPU_Init.o
                                  0x8 (size before relaxing)
 .ARM.exidx.text.__init_hardware
                0x000024cc        0x0 ./Static_Code/System/CPU_Init.o
                                  0x8 (size before relaxing)
 .ARM.exidx.text.CPU_SetClockConfigGenMode
                0x000024cc        0x0 ./Static_Code/System/CPU_Init.o
                                  0x8 (size before relaxing)
 .ARM.exidx.text.PE_low_level_init
                0x000024cc        0x0 ./Static_Code/System/CPU_Init.o
                                  0x8 (size before relaxing)
 .ARM.exidx.text.CPU_GetClockGenMode
                0x000024cc        0x0 ./Static_Code/System/CPU_Init.o
                                  0x8 (size before relaxing)
 .ARM.exidx.text.CPU_GetClockConfiguration
                0x000024cc        0x0 ./Static_Code/System/CPU_Init.o
                                  0x8 (size before relaxing)
 .ARM.exidx.text.UnhandledInterrupt
                0x000024cc        0x0 ./Static_Code/System/Vectors.o
                                  0x8 (size before relaxing)
 .ARM.exidx.text.Cpu_OnNMI
                0x000024cc        0x0 ./Sources/Events.o
                                  0x8 (size before relaxing)
 .ARM.exidx.text.AD1_OnEnd
                0x000024cc        0x0 ./Sources/Events.o
                                  0x8 (size before relaxing)
 .ARM.exidx.text.AD1_OnCalibrationEnd
                0x000024cc        0x0 ./Sources/Events.o
                                  0x8 (size before relaxing)
 .ARM.exidx.text._Z9print_bufPKc
                0x000024cc        0x0 ./Sources/arm_print.o
                                  0x8 (size before relaxing)
 .ARM.exidx.text._Z9print_ptrPKcPv
                0x000024cc        0x0 ./Sources/arm_print.o
                                  0x8 (size before relaxing)
 .ARM.exidx.text._Z10print_sizePKcj
                0x000024cc        0x0 ./Sources/arm_print.o
                                  0x8 (size before relaxing)
 .ARM.exidx.text._Z9print_intPKci
                0x000024cc        0x0 ./Sources/arm_print.o
                                  0x8 (size before relaxing)
 .ARM.exidx.text._Z11co_resolvedPa
                0x000024cc        0x0 ./Sources/c_with_coawait.o
                                  0x8 (size before relaxing)
 .ARM.exidx.text._Z13co_promise_fnPa
                0x000024cc        0x0 ./Sources/c_with_coawait.o
                                  0x8 (size before relaxing)
 .ARM.exidx.text._Z18co_resolve_promisePa
                0x000024cc        0x0 ./Sources/c_with_coawait.o
                                  0x8 (size before relaxing)
 .ARM.exidx.text._Z20_co_initialise_framePa
                0x000024cc        0x0 ./Sources/c_with_coawait.o
                                  0x8 (size before relaxing)
 .ARM.exidx.text._Z8read_adcPa
                0x000024cc        0x0 ./Sources/c_with_coawait.o
                                  0x8 (size before relaxing)
 .ARM.exidx.text.ADC_ISR
                0x000024cc        0x0 ./Sources/c_with_coawait.o
                                  0x8 (size before relaxing)
 .ARM.exidx.text._Z9schedulerv
                0x000024cc        0x0 ./Sources/c_with_coawait.o
                                  0x8 (size before relaxing)
 .ARM.exidx.text.inner_main
                0x000024cc        0x0 ./Sources/c_with_coawait.o
                                  0x8 (size before relaxing)
 .ARM.exidx.text._Z8read_adcPa.resume
                0x000024cc        0x0 ./Sources/c_with_coawait.o
                                  0x8 (size before relaxing)
 .ARM.exidx.text._Z8read_adcPa.destroy
                0x000024cc        0x0 ./Sources/c_with_coawait.o
                                  0x8 (size before relaxing)
 .ARM.exidx.text._Z2f1i
                0x000024cc        0x0 ./Sources/llvm2.o
                                  0x8 (size before relaxing)
 .ARM.exidx.text.mymain
                0x000024cc        0x0 ./Sources/llvm2.o
                                  0x8 (size before relaxing)
 .ARM.exidx.text._Z2f1i.resume
                0x000024cc        0x0 ./Sources/llvm2.o
                                  0x8 (size before relaxing)
 .ARM.exidx.text._Z2f1i.destroy
                0x000024cc        0x0 ./Sources/llvm2.o
                                  0x8 (size before relaxing)
 .ARM.exidx.text.main
                0x000024cc        0x0 ./Sources/main.o
                                  0x8 (size before relaxing)
 .ARM.exidx.text.__copy_rom_section
                0x000024cc        0x0 ./Project_Settings/Startup_Code/startup.o
                                  0x8 (size before relaxing)
 .ARM.exidx.text.__copy_rom_sections_to_ram
                0x000024cc        0x0 ./Project_Settings/Startup_Code/startup.o
                                  0x8 (size before relaxing)
 .ARM.exidx.text.__init_registers
                0x000024cc        0x0 ./Project_Settings/Startup_Code/startup.o
                                  0x8 (size before relaxing)
 .ARM.exidx.text.__init_user
                0x000024cc        0x0 ./Project_Settings/Startup_Code/startup.o
                                  0x8 (size before relaxing)
 .ARM.exidx.text.__thumb_startup
                0x000024cc        0x0 ./Project_Settings/Startup_Code/startup.o
                                  0x8 (size before relaxing)
 .ARM.exidx.text.AD1_HWEnDi
                0x000024cc        0x0 ./Generated_Code/AD1.o
                                  0x8 (size before relaxing)
 .ARM.exidx.text.AD1_Measure
                0x000024cc        0x0 ./Generated_Code/AD1.o
                                  0x8 (size before relaxing)
 .ARM.exidx.text.AD1_GetValue16
                0x000024cc        0x0 ./Generated_Code/AD1.o
                                  0x8 (size before relaxing)
 .ARM.exidx.text.AD1_Calibrate
                0x000024cc        0x0 ./Generated_Code/AD1.o
                                  0x8 (size before relaxing)
 .ARM.exidx.text.AdcLdd1_OnMeasurementComplete
                0x000024cc        0x0 ./Generated_Code/AD1.o
                                  0x8 (size before relaxing)
 .ARM.exidx.text.AD1_Init
                0x000024cc        0x0 ./Generated_Code/AD1.o
                                  0x8 (size before relaxing)
 .ARM.exidx.text.ASerialLdd1_Init
                0x000024cc        0x0 ./Generated_Code/ASerialLdd1.o
                                  0x8 (size before relaxing)
 .ARM.exidx.text.ASerialLdd1_SetClockConfiguration
                0x000024cc        0x0 ./Generated_Code/ASerialLdd1.o
                                  0x8 (size before relaxing)
 .ARM.exidx.text.ASerialLdd1_Enable
                0x000024cc        0x0 ./Generated_Code/ASerialLdd1.o
                                  0x8 (size before relaxing)
 .ARM.exidx.text.HWEnDi
                0x000024cc        0x0 ./Generated_Code/ASerialLdd1.o
                                  0x8 (size before relaxing)
 .ARM.exidx.text.ASerialLdd1_Disable
                0x000024cc        0x0 ./Generated_Code/ASerialLdd1.o
                                  0x8 (size before relaxing)
 .ARM.exidx.text.ASerialLdd1_SendBlock
                0x000024cc        0x0 ./Generated_Code/ASerialLdd1.o
                                  0x8 (size before relaxing)
 .ARM.exidx.text.ASerialLdd1_Main
                0x000024cc        0x0 ./Generated_Code/ASerialLdd1.o
                                  0x8 (size before relaxing)
 .ARM.exidx.text.InterruptRx
                0x000024cc        0x0 ./Generated_Code/ASerialLdd1.o
                                  0x8 (size before relaxing)
 .ARM.exidx.text.InterruptTx
                0x000024cc        0x0 ./Generated_Code/ASerialLdd1.o
                                  0x8 (size before relaxing)
 .ARM.exidx.text.AdcLdd1_Init
                0x000024cc        0x0 ./Generated_Code/AdcLdd1.o
                                  0x8 (size before relaxing)
 .ARM.exidx.text.AdcLdd1_SetClockConfiguration
                0x000024cc        0x0 ./Generated_Code/AdcLdd1.o
                                  0x8 (size before relaxing)
 .ARM.exidx.text.AdcLdd1_StartSingleMeasurement
                0x000024cc        0x0 ./Generated_Code/AdcLdd1.o
                                  0x8 (size before relaxing)
 .ARM.exidx.text.AdcLdd1_CancelMeasurement
                0x000024cc        0x0 ./Generated_Code/AdcLdd1.o
                                  0x8 (size before relaxing)
 .ARM.exidx.text.AdcLdd1_CreateSampleGroup
                0x000024cc        0x0 ./Generated_Code/AdcLdd1.o
                                  0x8 (size before relaxing)
 .ARM.exidx.text.AdcLdd1_GetMeasuredValues
                0x000024cc        0x0 ./Generated_Code/AdcLdd1.o
                                  0x8 (size before relaxing)
 .ARM.exidx.text.AdcLdd1_GetMeasurementCompleteStatus
                0x000024cc        0x0 ./Generated_Code/AdcLdd1.o
                                  0x8 (size before relaxing)
 .ARM.exidx.text.AdcLdd1_StartCalibration
                0x000024cc        0x0 ./Generated_Code/AdcLdd1.o
                                  0x8 (size before relaxing)
 .ARM.exidx.text.AdcLdd1_GetCalibrationResultStatus
                0x000024cc        0x0 ./Generated_Code/AdcLdd1.o
                                  0x8 (size before relaxing)
 .ARM.exidx.text.AdcLdd1_MeasurementCompleteInterrupt
                0x000024cc        0x0 ./Generated_Code/AdcLdd1.o
                                  0x8 (size before relaxing)
 .ARM.exidx.text.BitIoLdd1_Init
                0x000024cc        0x0 ./Generated_Code/BitIoLdd1.o
                                  0x8 (size before relaxing)
 .ARM.exidx.text.BitIoLdd1_PutVal
                0x000024cc        0x0 ./Generated_Code/BitIoLdd1.o
                                  0x8 (size before relaxing)
 .ARM.exidx.text.Common_Init
                0x000024cc        0x0 ./Generated_Code/Cpu.o
                                  0x8 (size before relaxing)
 .ARM.exidx.text.Components_Init
                0x000024cc        0x0 ./Generated_Code/Cpu.o
                                  0x8 (size before relaxing)
 .ARM.exidx.text.Cpu_INT_NMIInterrupt
                0x000024cc        0x0 ./Generated_Code/Cpu.o
                                  0x8 (size before relaxing)
 .ARM.exidx.text.Inhr1_SendChar
                0x000024cc        0x0 ./Generated_Code/Inhr1.o
                                  0x8 (size before relaxing)
 .ARM.exidx.text.Inhr1_Init
                0x000024cc        0x0 ./Generated_Code/Inhr1.o
                                  0x8 (size before relaxing)
 .ARM.exidx.text.HWEnDi
                0x000024cc        0x0 ./Generated_Code/Inhr1.o
                                  0x8 (size before relaxing)
 .ARM.exidx.text.ASerialLdd1_OnBreak
                0x000024cc        0x0 ./Generated_Code/Inhr1.o
                                  0x8 (size before relaxing)
 .ARM.exidx.text.Term1_SendStr
                0x000024cc        0x0 ./Generated_Code/Term1.o
                                  0x8 (size before relaxing)
                0x000024cc                __exidx_end = .

.rel.dyn        0x000024cc        0x0
 .rel.iplt      0x000024cc        0x0 c:/program files (x86)/gnu tools arm embedded/6 2017-q2-update/bin/../lib/gcc/arm-none-eabi/6.3.1/thumb/v7e-m/fpv4-sp/hard/crtbegin.o

.ctors          0x000024cc        0x0
                0x000024cc                __CTOR_LIST__ = .
 *crtbegin.o(.ctors)
 *(EXCLUDE_FILE(*crtend.o) .ctors)
 *(SORT(.ctors.*))
 *(.ctors)
                0x000024cc                __CTOR_END__ = .

.dtors          0x000024cc        0x0
                0x000024cc                __DTOR_LIST__ = .
 *crtbegin.o(.dtors)
 *(EXCLUDE_FILE(*crtend.o) .dtors)
 *(SORT(.dtors.*))
 *(.dtors)
                0x000024cc                __DTOR_END__ = .

.preinit_array  0x000024cc        0x0
                0x000024cc                PROVIDE (__preinit_array_start, .)
 *(.preinit_array*)
                0x000024cc                PROVIDE (__preinit_array_end, .)

.init_array     0x000024cc        0x4
                0x000024cc                PROVIDE (__init_array_start, .)
 *(SORT(.init_array.*))
 *(.init_array*)
 .init_array    0x000024cc        0x4 c:/program files (x86)/gnu tools arm embedded/6 2017-q2-update/bin/../lib/gcc/arm-none-eabi/6.3.1/thumb/v7e-m/fpv4-sp/hard/crtbegin.o
                0x000024d0                PROVIDE (__init_array_end, .)

.fini_array     0x000024d0        0x4
                [!provide]                PROVIDE (__fini_array_start, .)
 *(SORT(.fini_array.*))
 *(.fini_array*)
 .fini_array    0x000024d0        0x4 c:/program files (x86)/gnu tools arm embedded/6 2017-q2-update/bin/../lib/gcc/arm-none-eabi/6.3.1/thumb/v7e-m/fpv4-sp/hard/crtbegin.o
                [!provide]                PROVIDE (__fini_array_end, .)
                0x000024d4                ___ROM_AT = .

.data           0x1fff0000       0x64 load address 0x000024d4
                0x1fff0000                . = ALIGN (0x4)
                0x1fff0000                _sdata = .
 *(.data)
 *(.data*)
 .data._impure_ptr
                0x1fff0000        0x4 c:/program files (x86)/gnu tools arm embedded/6 2017-q2-update/bin/../lib/gcc/arm-none-eabi/6.3.1/../../../../arm-none-eabi/lib/thumb/v7e-m/fpv4-sp/hard\libg_nano.a(lib_a-impure.o)
                0x1fff0000                _impure_ptr
 .data.impure_data
                0x1fff0004       0x60 c:/program files (x86)/gnu tools arm embedded/6 2017-q2-update/bin/../lib/gcc/arm-none-eabi/6.3.1/../../../../arm-none-eabi/lib/thumb/v7e-m/fpv4-sp/hard\libg_nano.a(lib_a-impure.o)
                0x1fff0064                . = ALIGN (0x4)
                0x1fff0064                _edata = .
                0x00000064                ___data_size = (_edata - _sdata)
                0x00002538                ___m_data_20000000_ROMStart = (___ROM_AT + SIZEOF (.data))

.jcr            0x1fff0064        0x0 load address 0x00002538
 .jcr           0x1fff0064        0x0 c:/program files (x86)/gnu tools arm embedded/6 2017-q2-update/bin/../lib/gcc/arm-none-eabi/6.3.1/thumb/v7e-m/fpv4-sp/hard/crtbegin.o

.igot.plt       0x1fff0064        0x0 load address 0x00002538
 .igot.plt      0x1fff0064        0x0 c:/program files (x86)/gnu tools arm embedded/6 2017-q2-update/bin/../lib/gcc/arm-none-eabi/6.3.1/thumb/v7e-m/fpv4-sp/hard/crtbegin.o

.m_data_20000000
                0x20000000        0x0 load address 0x00002538
                0x20000000                . = ALIGN (0x4)
                0x20000000                ___m_data_20000000_RAMStart = .
 *(.m_data_20000000)
                0x20000000                ___m_data_20000000_RAMEnd = .
                0x20000000                . = ALIGN (0x4)
                0x00000000                ___m_data_20000000_ROMSize = (___m_data_20000000_RAMEnd - ___m_data_20000000_RAMStart)
                0x20000000                . = ALIGN (0x4)

.bss            0x1fff0064      0x14c load address 0x00002538
                0x1fff0064                __START_BSS = .
                0x1fff0064                PROVIDE (__bss_start__, __START_BSS)
 *(.bss)
 .bss           0x1fff0064       0x1c c:/program files (x86)/gnu tools arm embedded/6 2017-q2-update/bin/../lib/gcc/arm-none-eabi/6.3.1/thumb/v7e-m/fpv4-sp/hard/crtbegin.o
 *(.bss*)
 .bss.SR_lock   0x1fff0080        0x1 ./Static_Code/System/CPU_Init.o
                0x1fff0080                SR_lock
 .bss.ClockConfigurationID
                0x1fff0081        0x1 ./Static_Code/System/CPU_Init.o
                0x1fff0081                ClockConfigurationID
 *fill*         0x1fff0082        0x2 
 .bss.adc_calibrated
                0x1fff0084        0x4 ./Sources/c_with_coawait.o
                0x1fff0084                adc_calibrated
 .bss.read_adc_handle
                0x1fff0088       0xc8 ./Sources/c_with_coawait.o
                0x1fff0088                read_adc_handle
 .bss.EnMode    0x1fff0150        0x1 ./Generated_Code/AD1.o
 .bss.ModeFlg   0x1fff0151        0x1 ./Generated_Code/AD1.o
 .bss.OutFlg    0x1fff0152        0x1 ./Generated_Code/AD1.o
 .bss.SampleGroup
                0x1fff0153        0x1 ./Generated_Code/AD1.o
 .bss.DeviceDataPrv__DEFAULT_RTOS_ALLOC
                0x1fff0154       0x20 ./Generated_Code/ASerialLdd1.o
 .bss.DeviceDataPrv__DEFAULT_RTOS_ALLOC
                0x1fff0174        0x8 ./Generated_Code/AdcLdd1.o
 .bss.DeviceDataPrv__DEFAULT_RTOS_ALLOC
                0x1fff017c        0x4 ./Generated_Code/BitIoLdd1.o
 .bss.EnMode    0x1fff0180        0x1 ./Generated_Code/Inhr1.o
 .bss.OutBuffer
                0x1fff0181        0x1 ./Generated_Code/Inhr1.o
 .bss.SerFlag   0x1fff0182        0x2 ./Generated_Code/Inhr1.o
 .bss.PE_LDD_DeviceDataList
                0x1fff0184        0xc ./Generated_Code/PE_LDD.o
                0x1fff0184                PE_LDD_DeviceDataList
 .bss.__malloc_free_list
                0x1fff0190        0x4 c:/program files (x86)/gnu tools arm embedded/6 2017-q2-update/bin/../lib/gcc/arm-none-eabi/6.3.1/../../../../arm-none-eabi/lib/thumb/v7e-m/fpv4-sp/hard\libg_nano.a(lib_a-nano-mallocr.o)
                0x1fff0190                __malloc_free_list
 .bss.__malloc_sbrk_start
                0x1fff0194        0x4 c:/program files (x86)/gnu tools arm embedded/6 2017-q2-update/bin/../lib/gcc/arm-none-eabi/6.3.1/../../../../arm-none-eabi/lib/thumb/v7e-m/fpv4-sp/hard\libg_nano.a(lib_a-nano-mallocr.o)
                0x1fff0194                __malloc_sbrk_start
 .bss.heap_end.5239
                0x1fff0198        0x4 c:/program files (x86)/gnu tools arm embedded/6 2017-q2-update/bin/../lib/gcc/arm-none-eabi/6.3.1/../../../../arm-none-eabi/lib/thumb/v7e-m/fpv4-sp/hard\libnosys.a(sbrk.o)
 *(COMMON)
 COMMON         0x1fff019c        0x1 ./Static_Code/System/CPU_Init.o
                0x1fff019c                SR_reg
 *fill*         0x1fff019d        0x3 
 COMMON         0x1fff01a0        0x8 ./Generated_Code/AD1.o
                0x1fff01a0                CalibrationStatus
                0x1fff01a2                AD1_OutV
                0x1fff01a4                AdcLdd1_DeviceDataPtr
 COMMON         0x1fff01a8        0x4 ./Generated_Code/Inhr1.o
                0x1fff01a8                ASerialLdd1_DeviceDataPtr
 COMMON         0x1fff01ac        0x4 c:/program files (x86)/gnu tools arm embedded/6 2017-q2-update/bin/../lib/gcc/arm-none-eabi/6.3.1/../../../../arm-none-eabi/lib/thumb/v7e-m/fpv4-sp/hard\libg_nano.a(lib_a-reent.o)
                0x1fff01ac                errno
                0x1fff01b0                . = ALIGN (0x4)
                0x1fff01b0                __END_BSS = .
                0x1fff01b0                PROVIDE (__bss_end__, __END_BSS)
                0x00002538                _romp_at = ((___ROM_AT + SIZEOF (.data)) + SIZEOF (.m_data_20000000))

.romp           0x1fff01b0       0x24 load address 0x00002538
                0x00002538                __S_romp = _romp_at
                0x1fff01b0        0x4 LONG 0x24d4 ___ROM_AT
                0x1fff01b4        0x4 LONG 0x1fff0000 _sdata
                0x1fff01b8        0x4 LONG 0x64 ___data_size
                0x1fff01bc        0x4 LONG 0x2538 ___m_data_20000000_ROMStart
                0x1fff01c0        0x4 LONG 0x20000000 ___m_data_20000000_RAMStart
                0x1fff01c4        0x4 LONG 0x0 ___m_data_20000000_ROMSize
                0x1fff01c8        0x4 LONG 0x0
                0x1fff01cc        0x4 LONG 0x0
                0x1fff01d0        0x4 LONG 0x0
                0x00080000                text_end = (ORIGIN (m_text) + LENGTH (m_text))
                0x0000255c                data_init_end = ((___m_data_20000000_ROMStart + SIZEOF (.m_data_20000000)) + SIZEOF (.romp))
                0x00000001                ASSERT ((data_init_end <= text_end), region m_text overflowed with text and data)

._user_heap_stack
                0x1fff01d4      0x400 load address 0x0000255c
                0x1fff01d4                . = ALIGN (0x4)
                0x1fff01d4                PROVIDE (end, .)
                [!provide]                PROVIDE (_end, .)
                [!provide]                PROVIDE (__end__, .)
                0x1fff01d4                __heap_addr = .
                0x1fff01d4                __HeapBase = .
                0x1fff01d4                . = (. + __heap_size)
                0x1fff01d4                __HeapLimit = .
                0x1fff05d4                . = (. + __stack_size)
 *fill*         0x1fff01d4      0x400 
                0x1fff05d4                . = ALIGN (0x4)

.ARM.attributes
                0x00000000       0x36
 *(.ARM.attributes)
 .ARM.attributes
                0x00000000       0x22 c:/program files (x86)/gnu tools arm embedded/6 2017-q2-update/bin/../lib/gcc/arm-none-eabi/6.3.1/thumb/v7e-m/fpv4-sp/hard/crti.o
 .ARM.attributes
                0x00000022       0x34 c:/program files (x86)/gnu tools arm embedded/6 2017-q2-update/bin/../lib/gcc/arm-none-eabi/6.3.1/thumb/v7e-m/fpv4-sp/hard/crtbegin.o
 .ARM.attributes
                0x00000056       0x20 c:/program files (x86)/gnu tools arm embedded/6 2017-q2-update/bin/../lib/gcc/arm-none-eabi/6.3.1/../../../../arm-none-eabi/lib/thumb/v7e-m/fpv4-sp/hard/crt0.o
 .ARM.attributes
                0x00000076       0x49 ./Static_Code/System/CPU_Init.o
 .ARM.attributes
                0x000000bf       0x49 ./Static_Code/System/Vectors.o
 .ARM.attributes
                0x00000108       0x49 ./Sources/Events.o
 .ARM.attributes
                0x00000151       0x49 ./Sources/arm_print.o
 .ARM.attributes
                0x0000019a       0x49 ./Sources/c_with_coawait.o
 .ARM.attributes
                0x000001e3       0x49 ./Sources/llvm2.o
 .ARM.attributes
                0x0000022c       0x49 ./Sources/main.o
 .ARM.attributes
                0x00000275       0x49 ./Project_Settings/Startup_Code/startup.o
 .ARM.attributes
                0x000002be       0x49 ./Generated_Code/AD1.o
 .ARM.attributes
                0x00000307       0x49 ./Generated_Code/ASerialLdd1.o
 .ARM.attributes
                0x00000350       0x49 ./Generated_Code/AdcLdd1.o
 .ARM.attributes
                0x00000399       0x49 ./Generated_Code/BitIoLdd1.o
 .ARM.attributes
                0x000003e2       0x49 ./Generated_Code/Cpu.o
 .ARM.attributes
                0x0000042b       0x49 ./Generated_Code/Inhr1.o
 .ARM.attributes
                0x00000474       0x49 ./Generated_Code/PE_LDD.o
 .ARM.attributes
                0x000004bd       0x49 ./Generated_Code/Term1.o
 .ARM.attributes
                0x00000506       0x34 c:/program files (x86)/gnu tools arm embedded/6 2017-q2-update/bin/../lib/gcc/arm-none-eabi/6.3.1/../../../../arm-none-eabi/lib/thumb/v7e-m/fpv4-sp/hard\libg_nano.a(lib_a-exit.o)
 .ARM.attributes
                0x0000053a       0x34 c:/program files (x86)/gnu tools arm embedded/6 2017-q2-update/bin/../lib/gcc/arm-none-eabi/6.3.1/../../../../arm-none-eabi/lib/thumb/v7e-m/fpv4-sp/hard\libg_nano.a(lib_a-impure.o)
 .ARM.attributes
                0x0000056e       0x34 c:/program files (x86)/gnu tools arm embedded/6 2017-q2-update/bin/../lib/gcc/arm-none-eabi/6.3.1/../../../../arm-none-eabi/lib/thumb/v7e-m/fpv4-sp/hard\libg_nano.a(lib_a-init.o)
 .ARM.attributes
                0x000005a2       0x34 c:/program files (x86)/gnu tools arm embedded/6 2017-q2-update/bin/../lib/gcc/arm-none-eabi/6.3.1/../../../../arm-none-eabi/lib/thumb/v7e-m/fpv4-sp/hard\libg_nano.a(lib_a-malloc.o)
 .ARM.attributes
                0x000005d6       0x34 c:/program files (x86)/gnu tools arm embedded/6 2017-q2-update/bin/../lib/gcc/arm-none-eabi/6.3.1/../../../../arm-none-eabi/lib/thumb/v7e-m/fpv4-sp/hard\libg_nano.a(lib_a-memset.o)
 .ARM.attributes
                0x0000060a       0x34 c:/program files (x86)/gnu tools arm embedded/6 2017-q2-update/bin/../lib/gcc/arm-none-eabi/6.3.1/../../../../arm-none-eabi/lib/thumb/v7e-m/fpv4-sp/hard\libg_nano.a(lib_a-nano-freer.o)
 .ARM.attributes
                0x0000063e       0x34 c:/program files (x86)/gnu tools arm embedded/6 2017-q2-update/bin/../lib/gcc/arm-none-eabi/6.3.1/../../../../arm-none-eabi/lib/thumb/v7e-m/fpv4-sp/hard\libg_nano.a(lib_a-nano-mallocr.o)
 .ARM.attributes
                0x00000672       0x34 c:/program files (x86)/gnu tools arm embedded/6 2017-q2-update/bin/../lib/gcc/arm-none-eabi/6.3.1/../../../../arm-none-eabi/lib/thumb/v7e-m/fpv4-sp/hard\libg_nano.a(lib_a-sbrkr.o)
 .ARM.attributes
                0x000006a6       0x34 c:/program files (x86)/gnu tools arm embedded/6 2017-q2-update/bin/../lib/gcc/arm-none-eabi/6.3.1/../../../../arm-none-eabi/lib/thumb/v7e-m/fpv4-sp/hard\libg_nano.a(lib_a-snprintf.o)
 .ARM.attributes
                0x000006da       0x34 c:/program files (x86)/gnu tools arm embedded/6 2017-q2-update/bin/../lib/gcc/arm-none-eabi/6.3.1/../../../../arm-none-eabi/lib/thumb/v7e-m/fpv4-sp/hard\libg_nano.a(lib_a-mlock.o)
 .ARM.attributes
                0x0000070e       0x34 c:/program files (x86)/gnu tools arm embedded/6 2017-q2-update/bin/../lib/gcc/arm-none-eabi/6.3.1/../../../../arm-none-eabi/lib/thumb/v7e-m/fpv4-sp/hard\libg_nano.a(lib_a-nano-svfprintf.o)
 .ARM.attributes
                0x00000742       0x34 c:/program files (x86)/gnu tools arm embedded/6 2017-q2-update/bin/../lib/gcc/arm-none-eabi/6.3.1/../../../../arm-none-eabi/lib/thumb/v7e-m/fpv4-sp/hard\libg_nano.a(lib_a-nano-vfprintf_i.o)
 .ARM.attributes
                0x00000776       0x34 c:/program files (x86)/gnu tools arm embedded/6 2017-q2-update/bin/../lib/gcc/arm-none-eabi/6.3.1/../../../../arm-none-eabi/lib/thumb/v7e-m/fpv4-sp/hard\libg_nano.a(lib_a-reent.o)
 .ARM.attributes
                0x000007aa       0x20 c:/program files (x86)/gnu tools arm embedded/6 2017-q2-update/bin/../lib/gcc/arm-none-eabi/6.3.1/../../../../arm-none-eabi/lib/thumb/v7e-m/fpv4-sp/hard\libg_nano.a(lib_a-memchr.o)
 .ARM.attributes
                0x000007ca       0x34 c:/program files (x86)/gnu tools arm embedded/6 2017-q2-update/bin/../lib/gcc/arm-none-eabi/6.3.1/../../../../arm-none-eabi/lib/thumb/v7e-m/fpv4-sp/hard\libg_nano.a(lib_a-memcpy-stub.o)
 .ARM.attributes
                0x000007fe       0x34 c:/program files (x86)/gnu tools arm embedded/6 2017-q2-update/bin/../lib/gcc/arm-none-eabi/6.3.1/../../../../arm-none-eabi/lib/thumb/v7e-m/fpv4-sp/hard\libg_nano.a(lib_a-memmove.o)
 .ARM.attributes
                0x00000832       0x34 c:/program files (x86)/gnu tools arm embedded/6 2017-q2-update/bin/../lib/gcc/arm-none-eabi/6.3.1/../../../../arm-none-eabi/lib/thumb/v7e-m/fpv4-sp/hard\libg_nano.a(lib_a-nano-reallocr.o)
 .ARM.attributes
                0x00000866       0x34 c:/program files (x86)/gnu tools arm embedded/6 2017-q2-update/bin/../lib/gcc/arm-none-eabi/6.3.1/../../../../arm-none-eabi/lib/thumb/v7e-m/fpv4-sp/hard\libg_nano.a(lib_a-nano-msizer.o)
 .ARM.attributes
                0x0000089a       0x34 c:/program files (x86)/gnu tools arm embedded/6 2017-q2-update/bin/../lib/gcc/arm-none-eabi/6.3.1/../../../../arm-none-eabi/lib/thumb/v7e-m/fpv4-sp/hard\libnosys.a(sbrk.o)
 .ARM.attributes
                0x000008ce       0x34 c:/program files (x86)/gnu tools arm embedded/6 2017-q2-update/bin/../lib/gcc/arm-none-eabi/6.3.1/../../../../arm-none-eabi/lib/thumb/v7e-m/fpv4-sp/hard\libnosys.a(_exit.o)
 .ARM.attributes
                0x00000902       0x22 c:/program files (x86)/gnu tools arm embedded/6 2017-q2-update/bin/../lib/gcc/arm-none-eabi/6.3.1/thumb/v7e-m/fpv4-sp/hard/crtn.o
OUTPUT(CoroInC2.elf elf32-littlearm)

.debug_str      0x00000000     0x2230
 .debug_str     0x00000000      0x689 ./Static_Code/System/CPU_Init.o
                                0x6f2 (size before relaxing)
 .debug_str     0x00000689      0x9e0 ./Static_Code/System/Vectors.o
                                0xa37 (size before relaxing)
 .debug_str     0x00001069       0x5b ./Sources/Events.o
                                 0x9e (size before relaxing)
 .debug_str     0x000010c4       0xb7 ./Sources/arm_print.o
                                0x12a (size before relaxing)
 .debug_str     0x0000117b      0x2c9 ./Sources/c_with_coawait.o
                                0x36c (size before relaxing)
 .debug_str     0x00001444       0x64 ./Sources/llvm2.o
                                 0xf5 (size before relaxing)
 .debug_str     0x000014a8       0x32 ./Sources/main.o
                                 0x80 (size before relaxing)
 .debug_str     0x000014da      0x113 ./Project_Settings/Startup_Code/startup.o
                                0x243 (size before relaxing)
 .debug_str     0x000015ed      0x169 ./Generated_Code/AD1.o
                                0x27f (size before relaxing)
 .debug_str     0x00001756      0x330 ./Generated_Code/ASerialLdd1.o
                                0x5aa (size before relaxing)
 .debug_str     0x00001a86      0x2b4 ./Generated_Code/AdcLdd1.o
                                0x564 (size before relaxing)
 .debug_str     0x00001d3a      0x113 ./Generated_Code/BitIoLdd1.o
                                0x32d (size before relaxing)
 .debug_str     0x00001e4d       0x69 ./Generated_Code/Cpu.o
                                0x20e (size before relaxing)
 .debug_str     0x00001eb6       0xfe ./Generated_Code/Inhr1.o
                                0x234 (size before relaxing)
 .debug_str     0x00001fb4      0x190 ./Generated_Code/PE_LDD.o
                                0x274 (size before relaxing)
 .debug_str     0x00002144       0xec ./Generated_Code/Term1.o
                                0x1c6 (size before relaxing)

.debug_loc      0x00000000      0xd31
 .debug_loc     0x00000000      0x12f ./Static_Code/System/CPU_Init.o
 .debug_loc     0x0000012f       0xd2 ./Sources/arm_print.o
 .debug_loc     0x00000201      0x183 ./Sources/c_with_coawait.o
 .debug_loc     0x00000384       0xfd ./Sources/llvm2.o
 .debug_loc     0x00000481       0x6a ./Project_Settings/Startup_Code/startup.o
 .debug_loc     0x000004eb       0x88 ./Generated_Code/AD1.o
 .debug_loc     0x00000573      0x23c ./Generated_Code/ASerialLdd1.o
 .debug_loc     0x000007af      0x1a5 ./Generated_Code/AdcLdd1.o
 .debug_loc     0x00000954       0xb2 ./Generated_Code/BitIoLdd1.o
 .debug_loc     0x00000a06       0xaf ./Generated_Code/Inhr1.o
 .debug_loc     0x00000ab5       0xa8 ./Generated_Code/PE_LDD.o
 .debug_loc     0x00000b5d      0x1d4 ./Generated_Code/Term1.o

.debug_abbrev   0x00000000     0x103a
 .debug_abbrev  0x00000000      0x167 ./Static_Code/System/CPU_Init.o
 .debug_abbrev  0x00000167       0xab ./Static_Code/System/Vectors.o
 .debug_abbrev  0x00000212       0x29 ./Sources/Events.o
 .debug_abbrev  0x0000023b       0x8d ./Sources/arm_print.o
 .debug_abbrev  0x000002c8      0x1af ./Sources/c_with_coawait.o
 .debug_abbrev  0x00000477       0xc1 ./Sources/llvm2.o
 .debug_abbrev  0x00000538       0x36 ./Sources/main.o
 .debug_abbrev  0x0000056e      0x101 ./Project_Settings/Startup_Code/startup.o
 .debug_abbrev  0x0000066f      0x14e ./Generated_Code/AD1.o
 .debug_abbrev  0x000007bd      0x1b7 ./Generated_Code/ASerialLdd1.o
 .debug_abbrev  0x00000974      0x19a ./Generated_Code/AdcLdd1.o
 .debug_abbrev  0x00000b0e      0x154 ./Generated_Code/BitIoLdd1.o
 .debug_abbrev  0x00000c62       0xb8 ./Generated_Code/Cpu.o
 .debug_abbrev  0x00000d1a      0x11f ./Generated_Code/Inhr1.o
 .debug_abbrev  0x00000e39       0xda ./Generated_Code/PE_LDD.o
 .debug_abbrev  0x00000f13      0x127 ./Generated_Code/Term1.o

.debug_info     0x00000000     0x408d
 .debug_info    0x00000000      0xae4 ./Static_Code/System/CPU_Init.o
 .debug_info    0x00000ae4      0x79e ./Static_Code/System/Vectors.o
 .debug_info    0x00001282       0x5a ./Sources/Events.o
 .debug_info    0x000012dc      0x15f ./Sources/arm_print.o
 .debug_info    0x0000143b      0x4e2 ./Sources/c_with_coawait.o
 .debug_info    0x0000191d      0x1d2 ./Sources/llvm2.o
 .debug_info    0x00001aef       0x43 ./Sources/main.o
 .debug_info    0x00001b32      0x30d ./Project_Settings/Startup_Code/startup.o
 .debug_info    0x00001e3f      0x2b1 ./Generated_Code/AD1.o
 .debug_info    0x000020f0      0x963 ./Generated_Code/ASerialLdd1.o
 .debug_info    0x00002a53      0x812 ./Generated_Code/AdcLdd1.o
 .debug_info    0x00003265      0x49c ./Generated_Code/BitIoLdd1.o
 .debug_info    0x00003701      0x2f5 ./Generated_Code/Cpu.o
 .debug_info    0x000039f6      0x21f ./Generated_Code/Inhr1.o
 .debug_info    0x00003c15      0x1fa ./Generated_Code/PE_LDD.o
 .debug_info    0x00003e0f      0x27e ./Generated_Code/Term1.o

.debug_ranges   0x00000000      0x6e8
 .debug_ranges  0x00000000       0x40 ./Static_Code/System/CPU_Init.o
 .debug_ranges  0x00000040      0x330 ./Static_Code/System/Vectors.o
 .debug_ranges  0x00000370       0x20 ./Sources/Events.o
 .debug_ranges  0x00000390       0x28 ./Sources/arm_print.o
 .debug_ranges  0x000003b8       0x88 ./Sources/c_with_coawait.o
 .debug_ranges  0x00000440       0x48 ./Sources/llvm2.o
 .debug_ranges  0x00000488       0x40 ./Project_Settings/Startup_Code/startup.o
 .debug_ranges  0x000004c8       0x50 ./Generated_Code/AD1.o
 .debug_ranges  0x00000518       0x68 ./Generated_Code/ASerialLdd1.o
 .debug_ranges  0x00000580       0x58 ./Generated_Code/AdcLdd1.o
 .debug_ranges  0x000005d8       0x38 ./Generated_Code/BitIoLdd1.o
 .debug_ranges  0x00000610       0x20 ./Generated_Code/Cpu.o
 .debug_ranges  0x00000630       0x40 ./Generated_Code/Inhr1.o
 .debug_ranges  0x00000670       0x20 ./Generated_Code/PE_LDD.o
 .debug_ranges  0x00000690       0x58 ./Generated_Code/Term1.o

.debug_macinfo  0x00000000       0x10
 .debug_macinfo
                0x00000000        0x1 ./Static_Code/System/CPU_Init.o
 .debug_macinfo
                0x00000001        0x1 ./Static_Code/System/Vectors.o
 .debug_macinfo
                0x00000002        0x1 ./Sources/Events.o
 .debug_macinfo
                0x00000003        0x1 ./Sources/arm_print.o
 .debug_macinfo
                0x00000004        0x1 ./Sources/c_with_coawait.o
 .debug_macinfo
                0x00000005        0x1 ./Sources/llvm2.o
 .debug_macinfo
                0x00000006        0x1 ./Sources/main.o
 .debug_macinfo
                0x00000007        0x1 ./Project_Settings/Startup_Code/startup.o
 .debug_macinfo
                0x00000008        0x1 ./Generated_Code/AD1.o
 .debug_macinfo
                0x00000009        0x1 ./Generated_Code/ASerialLdd1.o
 .debug_macinfo
                0x0000000a        0x1 ./Generated_Code/AdcLdd1.o
 .debug_macinfo
                0x0000000b        0x1 ./Generated_Code/BitIoLdd1.o
 .debug_macinfo
                0x0000000c        0x1 ./Generated_Code/Cpu.o
 .debug_macinfo
                0x0000000d        0x1 ./Generated_Code/Inhr1.o
 .debug_macinfo
                0x0000000e        0x1 ./Generated_Code/PE_LDD.o
 .debug_macinfo
                0x0000000f        0x1 ./Generated_Code/Term1.o

.comment        0x00000000       0x1c
 .comment       0x00000000       0x1c ./Static_Code/System/CPU_Init.o
                                 0x1d (size before relaxing)
 .comment       0x0000001c       0x1d ./Static_Code/System/Vectors.o
 .comment       0x0000001c       0x1d ./Sources/Events.o
 .comment       0x0000001c       0x1d ./Sources/arm_print.o
 .comment       0x0000001c       0x1d ./Sources/c_with_coawait.o
 .comment       0x0000001c       0x1d ./Sources/llvm2.o
 .comment       0x0000001c       0x1d ./Sources/main.o
 .comment       0x0000001c       0x1d ./Project_Settings/Startup_Code/startup.o
 .comment       0x0000001c       0x1d ./Generated_Code/AD1.o
 .comment       0x0000001c       0x1d ./Generated_Code/ASerialLdd1.o
 .comment       0x0000001c       0x1d ./Generated_Code/AdcLdd1.o
 .comment       0x0000001c       0x1d ./Generated_Code/BitIoLdd1.o
 .comment       0x0000001c       0x1d ./Generated_Code/Cpu.o
 .comment       0x0000001c       0x1d ./Generated_Code/Inhr1.o
 .comment       0x0000001c       0x1d ./Generated_Code/PE_LDD.o
 .comment       0x0000001c       0x1d ./Generated_Code/Term1.o

.note.GNU-stack
                0x00000000        0x0
 .note.GNU-stack
                0x00000000        0x0 ./Static_Code/System/CPU_Init.o
 .note.GNU-stack
                0x00000000        0x0 ./Static_Code/System/Vectors.o
 .note.GNU-stack
                0x00000000        0x0 ./Sources/Events.o
 .note.GNU-stack
                0x00000000        0x0 ./Sources/arm_print.o
 .note.GNU-stack
                0x00000000        0x0 ./Sources/c_with_coawait.o
 .note.GNU-stack
                0x00000000        0x0 ./Sources/llvm2.o
 .note.GNU-stack
                0x00000000        0x0 ./Sources/main.o
 .note.GNU-stack
                0x00000000        0x0 ./Project_Settings/Startup_Code/startup.o
 .note.GNU-stack
                0x00000000        0x0 ./Generated_Code/AD1.o
 .note.GNU-stack
                0x00000000        0x0 ./Generated_Code/ASerialLdd1.o
 .note.GNU-stack
                0x00000000        0x0 ./Generated_Code/AdcLdd1.o
 .note.GNU-stack
                0x00000000        0x0 ./Generated_Code/BitIoLdd1.o
 .note.GNU-stack
                0x00000000        0x0 ./Generated_Code/Cpu.o
 .note.GNU-stack
                0x00000000        0x0 ./Generated_Code/Inhr1.o
 .note.GNU-stack
                0x00000000        0x0 ./Generated_Code/PE_LDD.o
 .note.GNU-stack
                0x00000000        0x0 ./Generated_Code/Term1.o

.debug_frame    0x00000000     0x1b98
 .debug_frame   0x00000000       0xd0 ./Static_Code/System/CPU_Init.o
 .debug_frame   0x000000d0      0xcb4 ./Static_Code/System/Vectors.o
 .debug_frame   0x00000d84       0x44 ./Sources/Events.o
 .debug_frame   0x00000dc8       0x94 ./Sources/arm_print.o
 .debug_frame   0x00000e5c      0x184 ./Sources/c_with_coawait.o
 .debug_frame   0x00000fe0       0x94 ./Sources/llvm2.o
 .debug_frame   0x00001074       0x30 ./Sources/main.o
 .debug_frame   0x000010a4       0xac ./Project_Settings/Startup_Code/startup.o
 .debug_frame   0x00001150       0xf4 ./Generated_Code/AD1.o
 .debug_frame   0x00001244      0x110 ./Generated_Code/ASerialLdd1.o
 .debug_frame   0x00001354       0xd8 ./Generated_Code/AdcLdd1.o
 .debug_frame   0x0000142c       0x74 ./Generated_Code/BitIoLdd1.o
 .debug_frame   0x000014a0       0x60 ./Generated_Code/Cpu.o
 .debug_frame   0x00001500       0xd4 ./Generated_Code/Inhr1.o
 .debug_frame   0x000015d4       0x60 ./Generated_Code/PE_LDD.o
 .debug_frame   0x00001634      0x14c ./Generated_Code/Term1.o
 .debug_frame   0x00001780       0x28 c:/program files (x86)/gnu tools arm embedded/6 2017-q2-update/bin/../lib/gcc/arm-none-eabi/6.3.1/../../../../arm-none-eabi/lib/thumb/v7e-m/fpv4-sp/hard\libg_nano.a(lib_a-exit.o)
 .debug_frame   0x000017a8       0x2c c:/program files (x86)/gnu tools arm embedded/6 2017-q2-update/bin/../lib/gcc/arm-none-eabi/6.3.1/../../../../arm-none-eabi/lib/thumb/v7e-m/fpv4-sp/hard\libg_nano.a(lib_a-init.o)
 .debug_frame   0x000017d4       0x30 c:/program files (x86)/gnu tools arm embedded/6 2017-q2-update/bin/../lib/gcc/arm-none-eabi/6.3.1/../../../../arm-none-eabi/lib/thumb/v7e-m/fpv4-sp/hard\libg_nano.a(lib_a-malloc.o)
 .debug_frame   0x00001804       0x20 c:/program files (x86)/gnu tools arm embedded/6 2017-q2-update/bin/../lib/gcc/arm-none-eabi/6.3.1/../../../../arm-none-eabi/lib/thumb/v7e-m/fpv4-sp/hard\libg_nano.a(lib_a-memset.o)
 .debug_frame   0x00001824       0x38 c:/program files (x86)/gnu tools arm embedded/6 2017-q2-update/bin/../lib/gcc/arm-none-eabi/6.3.1/../../../../arm-none-eabi/lib/thumb/v7e-m/fpv4-sp/hard\libg_nano.a(lib_a-nano-freer.o)
 .debug_frame   0x0000185c       0x2c c:/program files (x86)/gnu tools arm embedded/6 2017-q2-update/bin/../lib/gcc/arm-none-eabi/6.3.1/../../../../arm-none-eabi/lib/thumb/v7e-m/fpv4-sp/hard\libg_nano.a(lib_a-nano-mallocr.o)
 .debug_frame   0x00001888       0x2c c:/program files (x86)/gnu tools arm embedded/6 2017-q2-update/bin/../lib/gcc/arm-none-eabi/6.3.1/../../../../arm-none-eabi/lib/thumb/v7e-m/fpv4-sp/hard\libg_nano.a(lib_a-sbrkr.o)
 .debug_frame   0x000018b4       0x7c c:/program files (x86)/gnu tools arm embedded/6 2017-q2-update/bin/../lib/gcc/arm-none-eabi/6.3.1/../../../../arm-none-eabi/lib/thumb/v7e-m/fpv4-sp/hard\libg_nano.a(lib_a-snprintf.o)
 .debug_frame   0x00001930       0x30 c:/program files (x86)/gnu tools arm embedded/6 2017-q2-update/bin/../lib/gcc/arm-none-eabi/6.3.1/../../../../arm-none-eabi/lib/thumb/v7e-m/fpv4-sp/hard\libg_nano.a(lib_a-mlock.o)
 .debug_frame   0x00001960       0x90 c:/program files (x86)/gnu tools arm embedded/6 2017-q2-update/bin/../lib/gcc/arm-none-eabi/6.3.1/../../../../arm-none-eabi/lib/thumb/v7e-m/fpv4-sp/hard\libg_nano.a(lib_a-nano-svfprintf.o)
 .debug_frame   0x000019f0       0x60 c:/program files (x86)/gnu tools arm embedded/6 2017-q2-update/bin/../lib/gcc/arm-none-eabi/6.3.1/../../../../arm-none-eabi/lib/thumb/v7e-m/fpv4-sp/hard\libg_nano.a(lib_a-nano-vfprintf_i.o)
 .debug_frame   0x00001a50       0x5c c:/program files (x86)/gnu tools arm embedded/6 2017-q2-update/bin/../lib/gcc/arm-none-eabi/6.3.1/../../../../arm-none-eabi/lib/thumb/v7e-m/fpv4-sp/hard\libg_nano.a(lib_a-reent.o)
 .debug_frame   0x00001aac       0x28 c:/program files (x86)/gnu tools arm embedded/6 2017-q2-update/bin/../lib/gcc/arm-none-eabi/6.3.1/../../../../arm-none-eabi/lib/thumb/v7e-m/fpv4-sp/hard\libg_nano.a(lib_a-memcpy-stub.o)
 .debug_frame   0x00001ad4       0x28 c:/program files (x86)/gnu tools arm embedded/6 2017-q2-update/bin/../lib/gcc/arm-none-eabi/6.3.1/../../../../arm-none-eabi/lib/thumb/v7e-m/fpv4-sp/hard\libg_nano.a(lib_a-memmove.o)
 .debug_frame   0x00001afc       0x3c c:/program files (x86)/gnu tools arm embedded/6 2017-q2-update/bin/../lib/gcc/arm-none-eabi/6.3.1/../../../../arm-none-eabi/lib/thumb/v7e-m/fpv4-sp/hard\libg_nano.a(lib_a-nano-reallocr.o)
 .debug_frame   0x00001b38       0x20 c:/program files (x86)/gnu tools arm embedded/6 2017-q2-update/bin/../lib/gcc/arm-none-eabi/6.3.1/../../../../arm-none-eabi/lib/thumb/v7e-m/fpv4-sp/hard\libg_nano.a(lib_a-nano-msizer.o)
 .debug_frame   0x00001b58       0x20 c:/program files (x86)/gnu tools arm embedded/6 2017-q2-update/bin/../lib/gcc/arm-none-eabi/6.3.1/../../../../arm-none-eabi/lib/thumb/v7e-m/fpv4-sp/hard\libnosys.a(sbrk.o)
 .debug_frame   0x00001b78       0x20 c:/program files (x86)/gnu tools arm embedded/6 2017-q2-update/bin/../lib/gcc/arm-none-eabi/6.3.1/../../../../arm-none-eabi/lib/thumb/v7e-m/fpv4-sp/hard\libnosys.a(_exit.o)

.debug_line     0x00000000     0x3279
 .debug_line    0x00000000      0x5fc ./Static_Code/System/CPU_Init.o
 .debug_line    0x000005fc      0xa60 ./Static_Code/System/Vectors.o
 .debug_line    0x0000105c       0x73 ./Sources/Events.o
 .debug_line    0x000010cf       0xc5 ./Sources/arm_print.o
 .debug_line    0x00001194      0x341 ./Sources/c_with_coawait.o
 .debug_line    0x000014d5      0x201 ./Sources/llvm2.o
 .debug_line    0x000016d6       0x4b ./Sources/main.o
 .debug_line    0x00001721      0x292 ./Project_Settings/Startup_Code/startup.o
 .debug_line    0x000019b3      0x369 ./Generated_Code/AD1.o
 .debug_line    0x00001d1c      0x4cf ./Generated_Code/ASerialLdd1.o
 .debug_line    0x000021eb      0x432 ./Generated_Code/AdcLdd1.o
 .debug_line    0x0000261d      0x272 ./Generated_Code/BitIoLdd1.o
 .debug_line    0x0000288f      0x1df ./Generated_Code/Cpu.o
 .debug_line    0x00002a6e      0x2cd ./Generated_Code/Inhr1.o
 .debug_line    0x00002d3b      0x1e8 ./Generated_Code/PE_LDD.o
 .debug_line    0x00002f23      0x356 ./Generated_Code/Term1.o
